Component: ARM Compiler 5.06 update 1 (build 61) Tool: armlink [4d35a8]

==============================================================================

Section Cross References

    main.o(i.main) refers to _printf_pad.o(.text) for _printf_pre_padding
    main.o(i.main) refers to _printf_percent.o(.ARM.Collect$$_printf_percent$$00000000) for _printf_percent
    main.o(i.main) refers to _printf_d.o(.ARM.Collect$$_printf_percent$$00000009) for _printf_d
    main.o(i.main) refers to _printf_s.o(.ARM.Collect$$_printf_percent$$00000014) for _printf_s
    main.o(i.main) refers to _printf_dec.o(.text) for _printf_int_dec
    main.o(i.main) refers to _printf_str.o(.text) for _printf_str
    main.o(i.main) refers to sys.o(i.NVIC_Configuration) for NVIC_Configuration
    main.o(i.main) refers to delay.o(i.delay_init) for delay_init
    main.o(i.main) refers to usart.o(i.usart1_init) for usart1_init
    main.o(i.main) refers to usart.o(i.usart2_init) for usart2_init
    main.o(i.main) refers to led.o(i.Led_Init) for Led_Init
    main.o(i.main) refers to timer.o(i.tim2_init) for tim2_init
    main.o(i.main) refers to delay.o(i.delay_ms) for delay_ms
    main.o(i.main) refers to device.o(i.device_Init) for device_Init
    main.o(i.main) refers to noretval__2printf.o(.text) for __2printf
    main.o(i.main) refers to os_core.o(i.OSInit) for OSInit
    main.o(i.main) refers to os_task.o(i.OSTaskCreate) for OSTaskCreate
    main.o(i.main) refers to os_core.o(i.OSStart) for OSStart
    main.o(i.main) refers to main.o(.constdata) for __FUNCTION__
    main.o(i.main) refers to main.o(.bss) for START_TASK_STK
    main.o(i.main) refers to main.o(i.start_task) for start_task
    main.o(i.start_task) refers to os_core.o(i.OSStatInit) for OSStatInit
    main.o(i.start_task) refers to os_cpu_a.o(.text) for OS_CPU_SR_Save
    main.o(i.start_task) refers to os_task.o(i.OSTaskCreate) for OSTaskCreate
    main.o(i.start_task) refers to os_task.o(i.OSTaskSuspend) for OSTaskSuspend
    main.o(i.start_task) refers to wifi_function.o(.bss) for WIFI_TASK_STK
    main.o(i.start_task) refers to wifi_function.o(i.WiFi_Task) for WiFi_Task
    main.o(i.start_task) refers to device.o(.bss) for DEVICE_TASK_STK
    main.o(i.start_task) refers to device.o(i.Device_Task) for Device_Task
    main.o(i.start_task) refers to remote.o(.bss) for REMOTE_TASK_STK
    main.o(i.start_task) refers to remote.o(i.Remote_Task) for Remote_Task
    stm32f10x_it.o(i.TIM2_IRQHandler) refers to os_core.o(i.OSIntEnter) for OSIntEnter
    stm32f10x_it.o(i.TIM2_IRQHandler) refers to os_sem.o(i.OSSemPost) for OSSemPost
    stm32f10x_it.o(i.TIM2_IRQHandler) refers to stm32f10x_tim.o(i.TIM_ClearFlag) for TIM_ClearFlag
    stm32f10x_it.o(i.TIM2_IRQHandler) refers to os_core.o(i.OSIntExit) for OSIntExit
    stm32f10x_it.o(i.TIM2_IRQHandler) refers to device.o(.data) for startDAQ
    stm32f10x_it.o(i.TIM2_IRQHandler) refers to stm32f10x_it.o(.data) for t
    stm32f10x_it.o(i.USART2_IRQHandler) refers to os_core.o(i.OSIntEnter) for OSIntEnter
    stm32f10x_it.o(i.USART2_IRQHandler) refers to stm32f10x_usart.o(i.USART_GetITStatus) for USART_GetITStatus
    stm32f10x_it.o(i.USART2_IRQHandler) refers to stm32f10x_usart.o(i.USART_ReceiveData) for USART_ReceiveData
    stm32f10x_it.o(i.USART2_IRQHandler) refers to stm32f10x_usart.o(i.USART_ClearITPendingBit) for USART_ClearITPendingBit
    stm32f10x_it.o(i.USART2_IRQHandler) refers to os_sem.o(i.OSSemPost) for OSSemPost
    stm32f10x_it.o(i.USART2_IRQHandler) refers to os_core.o(i.OSIntExit) for OSIntExit
    stm32f10x_it.o(i.USART2_IRQHandler) refers to wifi_config.o(.bss) for strEsp8266_Fram_Record
    stm32f10x_it.o(i.USART2_IRQHandler) refers to usart.o(.bss) for Usart2Recv
    stm32f10x_it.o(i.USART2_IRQHandler) refers to wifi_function.o(.data) for WiFiRecv_Sem
    remote.o(i.Esp8266_Send) refers to _printf_percent.o(.ARM.Collect$$_printf_percent$$00000000) for _printf_percent
    remote.o(i.Esp8266_Send) refers to _printf_d.o(.ARM.Collect$$_printf_percent$$00000009) for _printf_d
    remote.o(i.Esp8266_Send) refers to _printf_dec.o(.text) for _printf_int_dec
    remote.o(i.Esp8266_Send) refers to _printf_pad.o(.text) for _printf_pre_padding
    remote.o(i.Esp8266_Send) refers to _printf_s.o(.ARM.Collect$$_printf_percent$$00000014) for _printf_s
    remote.o(i.Esp8266_Send) refers to _printf_str.o(.text) for _printf_str
    remote.o(i.Esp8266_Send) refers to strlen.o(.text) for strlen
    remote.o(i.Esp8266_Send) refers to noretval__2sprintf.o(.text) for __2sprintf
    remote.o(i.Esp8266_Send) refers to wifi_function.o(i.ESP8266_Link_Server) for ESP8266_Link_Server
    remote.o(i.Esp8266_Send) refers to noretval__2printf.o(.text) for __2printf
    remote.o(i.Esp8266_Send) refers to wifi_function.o(i.ESP8266_Cmd) for ESP8266_Cmd
    remote.o(i.Esp8266_Send) refers to usart.o(i.USART_OUT) for USART_OUT
    remote.o(i.Esp8266_Send) refers to remote.o(.bss) for strSendCmd
[...]
    i.SystemInit                             0x08003374   Section        0  system_stm32f10x.o(i.SystemInit)
    i.TIM2_IRQHandler                        0x080033d4   Section        0  stm32f10x_it.o(i.TIM2_IRQHandler)
    i.TIM_ARRPreloadConfig                   0x08003418   Section        0  stm32f10x_tim.o(i.TIM_ARRPreloadConfig)
    i.TIM_ClearFlag                          0x08003430   Section        0  stm32f10x_tim.o(i.TIM_ClearFlag)
    i.TIM_Cmd                                0x08003436   Section        0  stm32f10x_tim.o(i.TIM_Cmd)
    i.TIM_DeInit                             0x08003450   Section        0  stm32f10x_tim.o(i.TIM_DeInit)
    i.TIM_ITConfig                           0x08003638   Section        0  stm32f10x_tim.o(i.TIM_ITConfig)
    i.TIM_InternalClockConfig                0x0800364a   Section        0  stm32f10x_tim.o(i.TIM_InternalClockConfig)
    i.TIM_PrescalerConfig                    0x08003656   Section        0  stm32f10x_tim.o(i.TIM_PrescalerConfig)
    i.TIM_TimeBaseInit                       0x0800365c   Section        0  stm32f10x_tim.o(i.TIM_TimeBaseInit)
    i.USART2_IRQHandler                      0x08003700   Section        0  stm32f10x_it.o(i.USART2_IRQHandler)
    i.USART_ClearITPendingBit                0x080037b4   Section        0  stm32f10x_usart.o(i.USART_ClearITPendingBit)
    i.USART_Cmd                              0x080037d2   Section        0  stm32f10x_usart.o(i.USART_Cmd)
    i.USART_GetFlagStatus                    0x080037ea   Section        0  stm32f10x_usart.o(i.USART_GetFlagStatus)
    i.USART_GetITStatus                      0x08003804   Section        0  stm32f10x_usart.o(i.USART_GetITStatus)
    i.USART_ITConfig                         0x08003858   Section        0  stm32f10x_usart.o(i.USART_ITConfig)
    i.USART_Init                             0x080038a4   Section        0  stm32f10x_usart.o(i.USART_Init)
    i.USART_OUT                              0x0800397c   Section        0  usart.o(i.USART_OUT)
    i.USART_ReceiveData                      0x08003a82   Section        0  stm32f10x_usart.o(i.USART_ReceiveData)
    i.USART_SendData                         0x08003a8c   Section        0  stm32f10x_usart.o(i.USART_SendData)
    i.UsageFault_Handler                     0x08003a94   Section        0  stm32f10x_it.o(i.UsageFault_Handler)
    i.WiFiStatus_Task                        0x08003a98   Section        0  wifi_function.o(i.WiFiStatus_Task)
    WiFiStatus_Task                          0x08003a99   Thumb Code   264  wifi_function.o(i.WiFiStatus_Task)
    i.WiFi_Task                              0x08003c3c   Section        0  wifi_function.o(i.WiFi_Task)
    i._Onenet_CreateDataPoints               0x08003cc0   Section        0  remote.o(i._Onenet_CreateDataPoints)
    i._Onenet_httpSend                       0x08003fcc   Section        0  remote.o(i._Onenet_httpSend)
    _Onenet_httpSend                         0x08003fcd   Thumb Code   120  remote.o(i._Onenet_httpSend)
    i._is_digit                              0x08004080   Section        0  __printf_wp.o(i._is_digit)
    i._sys_exit                              0x0800408e   Section        0  usart.o(i._sys_exit)
    i._ttywrch                               0x08004094   Section        0  usart.o(i._ttywrch)
    i.delay_init                             0x0800409c   Section        0  delay.o(i.delay_init)
    i.delay_ms                               0x080040f8   Section        0  delay.o(i.delay_ms)
    i.delay_osschedlock                      0x08004148   Section        0  delay.o(i.delay_osschedlock)
    i.delay_osschedunlock                    0x08004150   Section        0  delay.o(i.delay_osschedunlock)
    i.delay_ostimedly                        0x08004158   Section        0  delay.o(i.delay_ostimedly)
    i.delay_us                               0x08004164   Section        0  delay.o(i.delay_us)
    i.device_DataAcquisition                 0x080041c0   Section        0  device.o(i.device_DataAcquisition)
    device_DataAcquisition                   0x080041c1   Thumb Code   112  device.o(i.device_DataAcquisition)
    i.device_Init                            0x0800428c   Section        0  device.o(i.device_Init)
    i.fputc                                  0x080042a4   Section        0  usart.o(i.fputc)
    i.itoa                                   0x080042c0   Section        0  usart.o(i.itoa)
    i.main                                   0x08004324   Section        0  main.o(i.main)
    i.start_task                             0x08004404   Section        0  main.o(i.start_task)
    i.tim2_init                              0x08004460   Section        0  timer.o(i.tim2_init)
    i.usart1_init                            0x080044c0   Section        0  usart.o(i.usart1_init)
    i.usart2_init                            0x0800454c   Section        0  usart.o(i.usart2_init)
    locale$$code                             0x080045e0   Section       44  lc_ctype_c.o(locale$$code)
    .constdata                               0x0800460c   Section        5  main.o(.constdata)
    __FUNCTION__                             0x0800460c   Data           5  main.o(.constdata)
    .constdata                               0x08004611   Section       55  remote.o(.constdata)
    __FUNCTION__                             0x08004611   Data          13  remote.o(.constdata)
    __FUNCTION__                             0x0800461e   Data          17  remote.o(.constdata)
    __FUNCTION__                             0x0800462f   Data          25  remote.o(.constdata)
    .constdata                               0x08004648   Section       35  device.o(.constdata)
    __FUNCTION__                             0x08004648   Data          23  device.o(.constdata)
    __FUNCTION__                             0x0800465f   Data          12  device.o(.constdata)
    .constdata                               0x0800466b   Section       78  wifi_function.o(.constdata)
    __FUNCTION__                             0x0800466b   Data          12  wifi_function.o(.constdata)
    __FUNCTION__                             0x08004677   Data          12  wifi_function.o(.constdata)
    __FUNCTION__                             0x08004683   Data          20  wifi_function.o(.constdata)
    __FUNCTION__                             0x08004697   Data          18  wifi_function.o(.constdata)
    __FUNCTION__                             0x080046a9   Data          16  wifi_function.o(.constdata)
    .constdata                               0x080046b9   Section      256  os_core.o(.constdata)
    .constdata                               0x080047bc   Section        8  _printf_wctomb.o(.constdata)
    initial_mbstate                          0x080047bc   Data           8  _printf_wctomb.o(.constdata)
    .constdata                               0x080047c4   Section       40  _printf_hex_int_ptr.o(.constdata)
    uc_hextab                                0x080047c4   Data          20  _printf_hex_int_ptr.o(.constdata)
    lc_hextab                                0x080047d8   Data          20  _printf_hex_int_ptr.o(.constdata)
    .constdata                               0x080047ec   Section       17  __printf_flags_ss_wp.o(.constdata)
    maptable                                 0x080047ec   Data          17  __printf_flags_ss_wp.o(.constdata)
    .conststring                             0x08004800   Section      227  remote.o(.conststring)
    locale$$data                             0x08004904   Section      272  lc_ctype_c.o(locale$$data)
    __lcctype_c_name                         0x08004908   Data           2  lc_ctype_c.o(locale$$data)
    __lcctype_c_start                        0x08004910   Data           0  lc_ctype_c.o(locale$$data)
    __lcctype_c_end                          0x08004a14   Data           0  lc_ctype_c.o(locale$$data)
    .data                                    0x20000000   Section        4  stm32f10x_it.o(.data)
    t                                        0x20000000   Data           4  stm32f10x_it.o(.data)
    .data                                    0x20000004   Section     1048  remote.o(.data)
    .data                                    0x2000041c   Section       12  device.o(.data)
    .data                                    0x20000428   Section        4  usart.o(.data)
    .data                                    0x2000042c   Section        3  dht11.o(.data)
    .data                                    0x20000430   Section        4  delay.o(.data)
    fac_us                                   0x20000430   Data           1  delay.o(.data)
    fac_ms                                   0x20000432   Data           2  delay.o(.data)
    .data                                    0x20000434   Section       28  wifi_function.o(.data)
    wifiStatus                               0x20000434   Data           1  wifi_function.o(.data)
    ledVal                                   0x20000448   Data           1  wifi_function.o(.data)
    pTmr                                     0x2000044c   Data           4  wifi_function.o(.data)
    .data                                    0x20000450   Section       92  os_core.o(.data)
    .data                                    0x200004ac   Section        6  os_cpu_c.o(.data)
    OSTmrCtr                                 0x200004b0   Data           2  os_cpu_c.o(.data)
    .data                                    0x200004b2   Section       20  stm32f10x_rcc.o(.data)
    APBAHBPrescTable                         0x200004b2   Data          16  stm32f10x_rcc.o(.data)
    ADCPrescTable                            0x200004c2   Data           4  stm32f10x_rcc.o(.data)
    .data                                    0x200004c8   Section       20  system_stm32f10x.o(.data)
    .bss                                     0x200004dc   Section      256  main.o(.bss)
    .bss                                     0x200005dc   Section     1056  remote.o(.bss)
    .bss                                     0x200009fc   Section      512  device.o(.bss)
    .bss                                     0x20000bfc   Section     3084  usart.o(.bss)
    .bss                                     0x20001808   Section     2050  wifi_config.o(.bss)
    .bss                                     0x2000200c   Section     2048  wifi_function.o(.bss)
    .bss                                     0x2000280c   Section     3904  os_core.o(.bss)
    .bss                                     0x2000374c   Section       96  libspace.o(.bss)
    HEAP                                     0x200037b0   Section      512  startup_stm32f10x_hd.o(HEAP)
    Heap_Mem                                 0x200037b0   Data         512  startup_stm32f10x_hd.o(HEAP)
    STACK                                    0x200039b0   Section     1024  startup_stm32f10x_hd.o(STACK)
    Stack_Mem                                0x200039b0   Data        1024  startup_stm32f10x_hd.o(STACK)
    __initial_sp                             0x20003db0   Data           0  startup_stm32f10x_hd.o(STACK)

    Global Symbols

    Symbol Name                              Value     Ov Type        Size  Object(Section)

    BuildAttributes$$THM_ISAv4$P$D$K$B$S$PE$A:L22UL41UL21$X:L11$S22US41US21$IEEE1$IW$USESV6$~STKCKD$USESV7$~SHL$OTIME$ROPI$IEEEX$EBA8$UX$STANDARDLIB$REQ8$PRES8$EABIv2 0x00000000   Number         0  anon$$obj.o ABSOLUTE
    __ARM_use_no_argv                        0x00000000   Number         0  main.o ABSOLUTE
    _printf_flags                            0x00000000   Number         0  printf_stubs.o ABSOLUTE
    _printf_return_value                     0x00000000   Number         0  printf_stubs.o ABSOLUTE
    _printf_sizespec                         0x00000000   Number         0  printf_stubs.o ABSOLUTE
    _printf_widthprec                        0x00000000   Number         0  printf_stubs.o ABSOLUTE
    __ARM_exceptions_init                     - Undefined Weak Reference
    __alloca_initialize                       - Undefined Weak Reference
    __arm_preinit_                            - Undefined Weak Reference
    __cpp_initialize__aeabi_                  - Undefined Weak Reference
    __cxa_finalize                            - Undefined Weak Reference
    __sigvec_lookup                           - Undefined Weak Reference
    __user_heap_extent                        - Undefined Weak Reference
    _atexit_init                              - Undefined Weak Reference
    _call_atexit_fns                          - Undefined Weak Reference
    _clock_init                               - Undefined Weak Reference
    _fp_trap_init                             - Undefined Weak Reference
    _fp_trap_shutdown                         - Undefined Weak Reference
    _get_lc_collate                           - Undefined Weak Reference
    _get_lc_monetary                          - Undefined Weak Reference
    _get_lc_time                              - Undefined Weak Reference
    _getenv_init                              - Undefined Weak Reference
    _handle_redirection                       - Undefined Weak Reference
    _initio                                   - Undefined Weak Reference
    _mutex_acquire                            - Undefined Weak Reference
    _mutex_free                               - Undefined Weak Reference
    _mutex_release                            - Undefined Weak Reference
    _printf_mbtowc                            - Undefined Weak Reference
    _printf_wc                                - Undefined Weak Reference
    _rand_init                                - Undefined Weak Reference
    _signal_finish                            - Undefined Weak Reference
    _signal_init                              - Undefined Weak Reference
    _terminateio                              - Undefined Weak Reference
    __Vectors_Size                           0x00000130   Number         0  startup_stm32f10x_hd.o ABSOLUTE
    __Vectors                                0x08000000   Data           4  startup_stm32f10x_hd.o(RESET)
    __Vectors_End                            0x08000130   Data           0  startup_stm32f10x_hd.o(RESET)
    __main                                   0x08000131   Thumb Code     8  __main.o(!!!main)
    __scatterload                            0x08000139   Thumb Code     0  __scatter.o(!!!scatter)
    __scatterload_rt2                        0x08000139   Thumb Code    44  __scatter.o(!!!scatter)
    __scatterload_rt2_thumb_only             0x08000139   Thumb Code     0  __scatter.o(!!!scatter)
    __scatterload_null                       0x08000147   Thumb Code     0  __scatter.o(!!!scatter)
    __decompress                             0x0800016d   Thumb Code    90  __dczerorl2.o(!!dczerorl2)
    __decompress1                            0x0800016d   Thumb Code     0  __dczerorl2.o(!!dczerorl2)
    __scatterload_zeroinit                   0x080001c9   Thumb Code    28  __scatter_zi.o(!!handler_zi)
    _printf_n                                0x080001e5   Thumb Code     0  _printf_n.o(.ARM.Collect$$_printf_percent$$00000001)
    _printf_percent                          0x080001e5   Thumb Code     0  _printf_percent.o(.ARM.Collect$$_printf_percent$$00000000)
    _printf_p                                0x080001eb   Thumb Code     0  _printf_p.o(.ARM.Collect$$_printf_percent$$00000002)
    _printf_i                                0x080001f1   Thumb Code     0  _printf_i.o(.ARM.Collect$$_printf_percent$$00000008)
    _printf_d                                0x080001f7   Thumb Code     0  _printf_d.o(.ARM.Collect$$_printf_percent$$00000009)
    _printf_u                                0x080001fd   Thumb Code     0  _printf_u.o(.ARM.Collect$$_printf_percent$$0000000A)
    _printf_o                                0x08000203   Thumb Code     0  _printf_o.o(.ARM.Collect$$_printf_percent$$0000000B)
    _printf_x                                0x08000209   Thumb Code     0  _printf_x.o(.ARM.Collect$$_printf_percent$$0000000C)
    _printf_l                                0x0800020f   Thumb Code     0  _printf_l.o(.ARM.Collect$$_printf_percent$$00000012)
    _printf_c                                0x08000219   Thumb Code     0  _printf_c.o(.ARM.Collect$$_printf_percent$$00000013)
    _printf_s                                0x0800021f   Thumb Code     0  _printf_s.o(.ARM.Collect$$_printf_percent$$00000014)
    _printf_lc                               0x08000225   Thumb Code     0  _printf_lc.o(.ARM.Collect$$_printf_percent$$00000015)
    _printf_percent_end                      0x0800022b   Thumb Code     0  _printf_percent_end.o(.ARM.Collect$$_printf_percent$$00000017)
    __rt_lib_init                            0x0800022f   Thumb Code     0  libinit.o(.ARM.Collect$$libinit$$00000000)
    __rt_lib_init_fp_1                       0x08000231   Thumb Code     0  libinit2.o(.ARM.Collect$$libinit$$00000002)
    __rt_lib_init_heap_2                     0x08000231   Thumb Code     0  libinit2.o(.ARM.Collect$$libinit$$00000005)
    __rt_lib_init_preinit_1                  0x08000231   Thumb Code     0  libinit2.o(.ARM.Collect$$libinit$$00000004)
    __rt_lib_init_heap_1                     0x08000239   Thumb Code     0  libinit2.o(.ARM.Collect$$libinit$$0000000A)
    __rt_lib_init_lc_common                  0x08000239   Thumb Code     0  libinit2.o(.ARM.Collect$$libinit$$0000000F)
    __rt_lib_init_rand_1                     0x08000239   Thumb Code     0  libinit2.o(.ARM.Collect$$libinit$$0000000E)
    __rt_lib_init_user_alloc_1               0x08000239   Thumb Code     0  libinit2.o(.ARM.Collect$$libinit$$0000000C)
    __rt_lib_init_lc_collate_1               0x0800023f   Thumb Code     0  libinit2.o(.ARM.Collect$$libinit$$00000011)
    __rt_lib_init_lc_ctype_2                 0x0800023f   Thumb Code     0  libinit2.o(.ARM.Collect$$libinit$$00000012)
    __rt_lib_init_alloca_1                   0x0800024b   Thumb Code     0  libinit2.o(.ARM.Collect$$libinit$$0000002E)
    __rt_lib_init_argv_1                     0x0800024b   Thumb Code     0  libinit2.o(.ARM.Collect$$libinit$$0000002C)
    __rt_lib_init_atexit_1                   0x0800024b   Thumb Code     0  libinit2.o(.ARM.Collect$$libinit$$0000001B)
    __rt_lib_init_clock_1                    0x0800024b   Thumb Code     0  libinit2.o(.ARM.Collect$$libinit$$00000021)
    __rt_lib_init_cpp_1                      0x0800024b   Thumb Code     0  libinit2.o(.ARM.Collect$$libinit$$00000032)
    __rt_lib_init_exceptions_1               0x0800024b   Thumb Code     0  libinit2.o(.ARM.Collect$$libinit$$00000030)
    __rt_lib_init_fp_trap_1                  0x0800024b   Thumb Code     0  libinit2.o(.ARM.Collect$$libinit$$0000001F)
    __rt_lib_init_getenv_1                   0x0800024b   Thumb Code     0  libinit2.o(.ARM.Collect$$libinit$$00000023)
    __rt_lib_init_lc_ctype_1                 0x0800024b   Thumb Code     0  libinit2.o(.ARM.Collect$$libinit$$00000013)
    __rt_lib_init_lc_monetary_1              0x0800024b   Thumb Code     0  libinit2.o(.ARM.Collect$$libinit$$00000015)
    __rt_lib_init_lc_numeric_1               0x0800024b   Thumb Code     0  libinit2.o(.ARM.Collect$$libinit$$00000017)
    __rt_lib_init_lc_time_1                  0x0800024b   Thumb Code     0  libinit2.o(.ARM.Collect$$libinit$$00000019)
    __rt_lib_init_return                     0x0800024b   Thumb Code     0  libinit2.o(.ARM.Collect$$libinit$$00000033)
    __rt_lib_init_signal_1                   0x0800024b   Thumb Code     0  libinit2.o(.ARM.Collect$$libinit$$0000001D)
    __rt_lib_init_stdio_1                    0x0800024b   Thumb Code     0  libinit2.o(.ARM.Collect$$libinit$$00000025)
    __rt_lib_shutdown                        0x0800024d   Thumb Code     0  libshutdown.o(.ARM.Collect$$libshutdown$$00000000)
    __rt_lib_shutdown_cpp_1                  0x0800024f   Thumb Code     0  libshutdown2.o(.ARM.Collect$$libshutdown$$00000002)
    __rt_lib_shutdown_fp_trap_1              0x0800024f   Thumb Code     0  libshutdown2.o(.ARM.Collect$$libshutdown$$00000007)
    __rt_lib_shutdown_heap_1                 0x0800024f   Thumb Code     0  libshutdown2.o(.ARM.Collect$$libshutdown$$0000000F)
    __rt_lib_shutdown_return                 0x0800024f   Thumb Code     0  libshutdown2.o(.ARM.Collect$$libshutdown$$00000010)
    __rt_lib_shutdown_signal_1               0x0800024f   Thumb Code     0  libshutdown2.o(.ARM.Collect$$libshutdown$$0000000A)
    __rt_lib_shutdown_stdio_1                0x0800024f   Thumb Code     0  libshutdown2.o(.ARM.Collect$$libshutdown$$00000004)
    __rt_lib_shutdown_user_alloc_1           0x0800024f   Thumb Code     0  libshutdown2.o(.ARM.Collect$$libshutdown$$0000000C)
    __rt_entry                               0x08000251   Thumb Code     0  __rtentry.o(.ARM.Collect$$rtentry$$00000000)
    __rt_entry_presh_1                       0x08000251   Thumb Code     0  __rtentry2.o(.ARM.Collect$$rtentry$$00000002)
    __rt_entry_sh                            0x08000251   Thumb Code     0  __rtentry4.o(.ARM.Collect$$rtentry$$00000004)
    __rt_entry_li                            0x08000257   Thumb Code     0  __rtentry2.o(.ARM.Collect$$rtentry$$0000000A)
    __rt_entry_postsh_1                      0x08000257   Thumb Code     0  __rtentry2.o(.ARM.Collect$$rtentry$$00000009)
    __rt_entry_main                          0x0800025b   Thumb Code     0  __rtentry2.o(.ARM.Collect$$rtentry$$0000000D)
    __rt_entry_postli_1                      0x0800025b   Thumb Code     0  __rtentry2.o(.ARM.Collect$$rtentry$$0000000C)
    __rt_exit                                0x08000263   Thumb Code     0  rtexit.o(.ARM.Collect$$rtexit$$00000000)
    __rt_exit_ls                             0x08000265   Thumb Code     0  rtexit2.o(.ARM.Collect$$rtexit$$00000003)
    __rt_exit_prels_1                        0x08000265   Thumb Code     0  rtexit2.o(.ARM.Collect$$rtexit$$00000002)
    __rt_exit_exit                           0x08000269   Thumb Code     0  rtexit2.o(.ARM.Collect$$rtexit$$00000004)
    OS_CPU_SR_Save                           0x08000271   Thumb Code     0  os_cpu_a.o(.text)
    _maybe_terminate_alloc                   0x08000271   Thumb Code     0  maybetermalloc1.o(.emb_text)
    OS_CPU_SR_Restore                        0x08000279   Thumb Code     0  os_cpu_a.o(.text)
    OSStartHighRdy                           0x0800027f   Thumb Code     0  os_cpu_a.o(.text)
    OSCtxSw                                  0x080002a1   Thumb Code     0  os_cpu_a.o(.text)
    OSIntCtxSw                               0x080002af   Thumb Code     0  os_cpu_a.o(.text)
    PendSV_Handler                           0x080002bf   Thumb Code     0  os_cpu_a.o(.text)
    Reset_Handler                            0x08000325   Thumb Code     8  startup_stm32f10x_hd.o(.text)
    ADC1_2_IRQHandler                        0x0800033f   Thumb Code     0  startup_stm32f10x_hd.o(.text)
    ADC3_IRQHandler                          0x0800033f   Thumb Code     0  startup_stm32f10x_hd.o(.text)
    CAN1_RX1_IRQHandler                      0x0800033f   Thumb Code     0  startup_stm32f10x_hd.o(.text)
    CAN1_SCE_IRQHandler                      0x0800033f   Thumb Code     0  startup_stm32f10x_hd.o(.text)
    DMA1_Channel1_IRQHandler                 0x0800033f   Thumb Code     0  startup_stm32f10x_hd.o(.text)
    DMA1_Channel2_IRQHandler                 0x0800033f   Thumb Code     0  startup_stm32f10x_hd.o(.text)
    DMA1_Channel3_IRQHandler                 0x0800033f   Thumb Code     0  startup_stm32f10x_hd.o(.text)
    DMA1_Channel4_IRQHandler                 0x0800033f   Thumb Code     0  startup_stm32f10x_hd.o(.text)
    DMA1_Channel5_IRQHandler                 0x0800033f   Thumb Code     0  startup_stm32f10x_hd.o(.text)
    DMA1_Channel6_IRQHandler                 0x0800033f   Thumb Code     0  startup_stm32f10x_hd.o(.text)
    DMA1_Channel7_IRQHandler                 0x0800033f   Thumb Code     0  startup_stm32f10x_hd.o(.text)
    DMA2_Channel1_IRQHandler                 0x0800033f   Thumb Code     0  startup_stm32f10x_hd.o(.text)
    DMA2_Channel2_IRQHandler                 0x0800033f   Thumb Code     0  startup_stm32f10x_hd.o(.text)
    DMA2_Channel3_IRQHandler                 0x0800033f   Thumb Code     0  startup_stm32f10x_hd.o(.text)
    DMA2_Channel4_5_IRQHandler               0x0800033f   Thumb Code     0  startup_stm32f10x_hd.o(.text)
    EXTI15_10_IRQHandler                     0x0800033f   Thumb Code     0  startup_stm32f10x_hd.o(.text)
    EXTI1_IRQHandler                         0x0800033f   Thumb Code     0  startup_stm32f10x_hd.o(.text)
    EXTI2_IRQHandler                         0x0800033f   Thumb Code     0  startup_stm32f10x_hd.o(.text)
    EXTI3_IRQHandler                         0x0800033f   Thumb Code     0  startup_stm32f10x_hd.o(.text)
    EXTI4_IRQHandler                         0x0800033f   Thumb Code     0  startup_stm32f10x_hd.o(.text)
    EXTI9_5_IRQHandler                       0x0800033f   Thumb Code     0  startup_stm32f10x_hd.o(.text)
    FLASH_IRQHandler                         0x0800033f   Thumb Code     0  startup_stm32f10x_hd.o(.text)
    FSMC_IRQHandler                          0x0800033f   Thumb Code     0  startup_stm32f10x_hd.o(.text)
    I2C1_ER_IRQHandler                       0x0800033f   Thumb Code     0  startup_stm32f10x_hd.o(.text)
    I2C1_EV_IRQHandler                       0x0800033f   Thumb Code     0  startup_stm32f10x_hd.o(.text)
    I2C2_ER_IRQHandler                       0x0800033f   Thumb Code     0  startup_stm32f10x_hd.o(.text)
    I2C2_EV_IRQHandler                       0x0800033f   Thumb Code     0  startup_stm32f10x_hd.o(.text)
    PVD_IRQHandler                           0x0800033f   Thumb Code     0  startup_stm32f10x_hd.o(.text)
    RCC_IRQHandler                           0x0800033f   Thumb Code     0  startup_stm32f10x_hd.o(.text)
    RTCAlarm_IRQHandler                      0x0800033f   Thumb Code     0  startup_stm32f10x_hd.o(.text)
    SDIO_IRQHandler                          0x0800033f   Thumb Code     0  startup_stm32f10x_hd.o(.text)
    SPI1_IRQHandler                          0x0800033f   Thumb Code     0  startup_stm32f10x_hd.o(.text)
    SPI2_IRQHandler                          0x0800033f   Thumb Code     0  startup_stm32f10x_hd.o(.text)
    SPI3_IRQHandler                          0x0800033f   Thumb Code     0  startup_stm32f10x_hd.o(.text)
    TAMPER_IRQHandler                        0x0800033f   Thumb Code     0  startup_stm32f10x_hd.o(.text)
    TIM1_BRK_IRQHandler                      0x0800033f   Thumb Code     0  startup_stm32f10x_hd.o(.text)
    TIM1_CC_IRQHandler                       0x0800033f   Thumb Code     0  startup_stm32f10x_hd.o(.text)
    TIM1_TRG_COM_IRQHandler                  0x0800033f   Thumb Code     0  startup_stm32f10x_hd.o(.text)
    TIM1_UP_IRQHandler                       0x0800033f   Thumb Code     0  startup_stm32f10x_hd.o(.text)
    TIM3_IRQHandler                          0x0800033f   Thumb Code     0  startup_stm32f10x_hd.o(.text)
    TIM4_IRQHandler                          0x0800033f   Thumb Code     0  startup_stm32f10x_hd.o(.text)
    TIM5_IRQHandler                          0x0800033f   Thumb Code     0  startup_stm32f10x_hd.o(.text)
    TIM6_IRQHandler                          0x0800033f   Thumb Code     0  startup_stm32f10x_hd.o(.text)
    TIM7_IRQHandler                          0x0800033f   Thumb Code     0  startup_stm32f10x_hd.o(.text)
    TIM8_BRK_IRQHandler                      0x0800033f   Thumb Code     0  startup_stm32f10x_hd.o(.text)
    TIM8_CC_IRQHandler                       0x0800033f   Thumb Code     0  startup_stm32f10x_hd.o(.text)
    TIM8_TRG_COM_IRQHandler                  0x0800033f   Thumb Code     0  startup_stm32f10x_hd.o(.text)
    TIM8_UP_IRQHandler                       0x0800033f   Thumb Code     0  startup_stm32f10x_hd.o(.text)
    UART4_IRQHandler                         0x0800033f   Thumb Code     0  startup_stm32f10x_hd.o(.text)
    UART5_IRQHandler                         0x0800033f   Thumb Code     0  startup_stm32f10x_hd.o(.text)
    USART1_IRQHandler                        0x0800033f   Thumb Code     0  startup_stm32f10x_hd.o(.text)
    USART3_IRQHandler                        0x0800033f   Thumb Code     0  startup_stm32f10x_hd.o(.text)
    USBWakeUp_IRQHandler                     0x0800033f   Thumb Code     0  startup_stm32f10x_hd.o(.text)
    USB_HP_CAN1_TX_IRQHandler                0x0800033f   Thumb Code     0  startup_stm32f10x_hd.o(.text)
    USB_LP_CAN1_RX0_IRQHandler               0x0800033f   Thumb Code     0  startup_stm32f10x_hd.o(.text)
    WWDG_IRQHandler                          0x0800033f   Thumb Code     0  startup_stm32f10x_hd.o(.text)
    __user_initial_stackheap                 0x08000341   Thumb Code     0  startup_stm32f10x_hd.o(.text)
    __use_no_semihosting                     0x08000365   Thumb Code     2  use_no_semi_2.o(.text)
    malloc                                   0x08000367   Thumb Code    94  h1_alloc.o(.text)
    free                                     0x080003c5   Thumb Code    78  h1_free.o(.text)
    __2printf                                0x08000415   Thumb Code    20  noretval__2printf.o(.text)
    __2sprintf                               0x0800042d   Thumb Code    34  noretval__2sprintf.o(.text)
    _printf_pre_padding                      0x08000455   Thumb Code    44  _printf_pad.o(.text)
    _printf_post_padding                     0x08000481   Thumb Code    34  _printf_pad.o(.text)
    _printf_truncate_signed                  0x080004a3   Thumb Code    18  _printf_truncate.o(.text)
    _printf_truncate_unsigned                0x080004b5   Thumb Code    18  _printf_truncate.o(.text)
    _printf_str                              0x080004c7   Thumb Code    82  _printf_str.o(.text)
    _printf_int_dec                          0x08000519   Thumb Code   104  _printf_dec.o(.text)
    _printf_charcount                        0x08000591   Thumb Code    40  _printf_charcount.o(.text)
    _printf_wctomb                           0x080005b9   Thumb Code   182  _printf_wctomb.o(.text)
    _printf_int_oct                          0x08000675   Thumb Code    74  _printf_oct_int.o(.text)
    _printf_longlong_oct                     0x08000675   Thumb Code     0  _printf_oct_int.o(.text)
    _printf_longlong_hex                     0x080006c9   Thumb Code    78  _printf_hex_int_ptr.o(.text)
    _printf_int_hex                          0x08000717   Thumb Code    26  _printf_hex_int_ptr.o(.text)
    _printf_hex_ptr                          0x08000731   Thumb Code    16  _printf_hex_int_ptr.o(.text)
    __printf                                 0x08000745   Thumb Code   388  __printf_flags_ss_wp.o(.text)
    strstr                                   0x080008cd   Thumb Code    36  strstr.o(.text)
    strlen                                   0x080008f1   Thumb Code    62  strlen.o(.text)
    __aeabi_memclr4                          0x0800092f   Thumb Code     0  rt_memclr_w.o(.text)
    __aeabi_memclr8                          0x0800092f   Thumb Code     0  rt_memclr_w.o(.text)
    __rt_memclr_w                            0x0800092f   Thumb Code    78  rt_memclr_w.o(.text)
    _memset_w                                0x08000933   Thumb Code     0  rt_memclr_w.o(.text)
    __use_two_region_memory                  0x0800097d   Thumb Code     2  heapauxi.o(.text)
    __rt_heap_escrow                         0x0800097f   Thumb Code     2  heapauxi.o(.text)
    __rt_heap_expand                         0x08000981   Thumb Code     2  heapauxi.o(.text)
    __I$use$semihosting                      0x08000983   Thumb Code     0  use_no_semi.o(.text)
    __use_no_semihosting_swi                 0x08000983   Thumb Code     2  use_no_semi.o(.text)
    __rt_ctype_table                         0x08000985   Thumb Code    16  rt_ctype_table.o(.text)
    __rt_heap_descriptor                     0x08000995   Thumb Code     8  rt_heap_descriptor_intlibspace.o(.text)
    __use_no_heap                            0x0800099d   Thumb Code     2  hguard.o(.text)
    __heap$guard                             0x0800099f   Thumb Code     2  hguard.o(.text)
    _terminate_user_alloc                    0x080009a1   Thumb Code     2  init_alloc.o(.text)
    _init_user_alloc                         0x080009a3   Thumb Code     2  init_alloc.o(.text)
    __Heap_Full                              0x080009a5   Thumb Code    34  init_alloc.o(.text)
    __Heap_Broken                            0x080009c7   Thumb Code     6  init_alloc.o(.text)
    _init_alloc                              0x080009cd   Thumb Code    94  init_alloc.o(.text)
    __Heap_Initialize                        0x08000a2b   Thumb Code    10  h1_init.o(.text)
    __Heap_DescSize                          0x08000a35   Thumb Code     4  h1_init.o(.text)
    _printf_int_common                       0x08000a39   Thumb Code   178  _printf_intcommon.o(.text)
    _printf_char_common                      0x08000af7   Thumb Code    32  _printf_char_common.o(.text)
    _sputc                                   0x08000b1d   Thumb Code    10  _sputc.o(.text)
    _printf_cs_common                        0x08000b27   Thumb Code    20  _printf_char.o(.text)
    _printf_char                             0x08000b3b   Thumb Code    16  _printf_char.o(.text)
    _printf_string                           0x08000b4b   Thumb Code     8  _printf_char.o(.text)
    _printf_char_file                        0x08000b55   Thumb Code    32  _printf_char_file.o(.text)
    _printf_lcs_common                       0x08000b79   Thumb Code    20  _printf_wchar.o(.text)
    _printf_wchar                            0x08000b8d   Thumb Code    16  _printf_wchar.o(.text)
    _printf_wstring                          0x08000b9d   Thumb Code     8  _printf_wchar.o(.text)
    _wcrtomb                                 0x08000ba5   Thumb Code    64  _wcrtomb.o(.text)
    __user_libspace                          0x08000be5   Thumb Code     8  libspace.o(.text)
    __user_perproc_libspace                  0x08000be5   Thumb Code     0  libspace.o(.text)
    __user_perthread_libspace                0x08000be5   Thumb Code     0  libspace.o(.text)
    __rt_locale                              0x08000bed   Thumb Code     8  rt_locale_intlibspace.o(.text)
    __Heap_ProvideMemory                     0x08000bf5   Thumb Code    52  h1_extend.o(.text)
    ferror                                   0x08000c29   Thumb Code     8  ferror.o(.text)
    __rt_SIGRTMEM                            0x08000c31   Thumb Code    14  defsig_rtmem_outer.o(.text)
    __user_setup_stackheap                   0x08000c3f   Thumb Code    74  sys_stackheap_outer.o(.text)
    exit                                     0x08000c89   Thumb Code    18  exit.o(.text)
    __sig_exit                               0x08000c9b   Thumb Code    10  defsig_exit.o(.text)
    __rt_SIGRTMEM_inner                      0x08000ca5   Thumb Code    22  defsig_rtmem_inner.o(.text)
    strcmp                                   0x08000cf5   Thumb Code   128  strcmpv7m.o(.text)
    __default_signal_display                 0x08000d75   Thumb Code    50  defsig_general.o(.text)
    BusFault_Handler                         0x0800103d   Thumb Code     4  stm32f10x_it.o(i.BusFault_Handler)
    DHT11_Check                              0x08001041   Thumb Code    92  dht11.o(i.DHT11_Check)
    DHT11_Init                               0x080010a5   Thumb Code    58  dht11.o(i.DHT11_Init)
    DHT11_Read_Bit                           0x080010e5   Thumb Code    70  dht11.o(i.DHT11_Read_Bit)
    DHT11_Read_Byte                          0x08001131   Thumb Code    30  dht11.o(i.DHT11_Read_Byte)
    DHT11_Read_Data                          0x0800114f   Thumb Code    90  dht11.o(i.DHT11_Read_Data)
    DHT11_Rst                                0x080011a9   Thumb Code    54  dht11.o(i.DHT11_Rst)
    DebugMon_Handler                         0x080011ed   Thumb Code     2  stm32f10x_it.o(i.DebugMon_Handler)
    Device_Task                              0x080011f1   Thumb Code    84  device.o(i.Device_Task)
    ESP8266_ClsTCP                           0x0800128d   Thumb Code    20  wifi_function.o(i.ESP8266_ClsTCP)
    ESP8266_Cmd                              0x080012bd   Thumb Code   210  wifi_function.o(i.ESP8266_Cmd)
    ESP8266_Enable_MultipleId                0x0800140d   Thumb Code    44  wifi_function.o(i.ESP8266_Enable_MultipleId)
    ESP8266_GetIP                            0x0800144d   Thumb Code    20  wifi_function.o(i.ESP8266_GetIP)
    ESP8266_JoinAP                           0x08001479   Thumb Code    42  wifi_function.o(i.ESP8266_JoinAP)
    ESP8266_Link_Server                      0x080014c1   Thumb Code   112  wifi_function.o(i.ESP8266_Link_Server)
    ESP8266_Net_Mode_Choose                  0x08001595   Thumb Code    74  wifi_function.o(i.ESP8266_Net_Mode_Choose)
    ESP8266_Rst                              0x08001621   Thumb Code   150  wifi_function.o(i.ESP8266_Rst)
    ESP8266_SetMode                          0x08001731   Thumb Code    20  wifi_function.o(i.ESP8266_SetMode)
    EXTI0_IRQHandler                         0x08001761   Thumb Code     2  stm32f10x_it.o(i.EXTI0_IRQHandler)
    GPIO_Init                                0x080018b5   Thumb Code   278  stm32f10x_gpio.o(i.GPIO_Init)
    GPIO_SetBits                             0x080019cb   Thumb Code     4  stm32f10x_gpio.o(i.GPIO_SetBits)
    HardFault_Handler                        0x080019cf   Thumb Code     4  stm32f10x_it.o(i.HardFault_Handler)
    Led_Init                                 0x080019f9   Thumb Code    58  led.o(i.Led_Init)
    MemManage_Handler                        0x08001a3d   Thumb Code     4  stm32f10x_it.o(i.MemManage_Handler)
    NMI_Handler                              0x08001a41   Thumb Code     2  stm32f10x_it.o(i.NMI_Handler)
    NVIC_Configuration                       0x08001a43   Thumb Code    66  sys.o(i.NVIC_Configuration)
    NVIC_Init                                0x08001a85   Thumb Code   100  misc.o(i.NVIC_Init)
    NVIC_PriorityGroupConfig                 0x08001af5   Thumb Code    10  misc.o(i.NVIC_PriorityGroupConfig)
    OSInit                                   0x08001b09   Thumb Code    48  os_core.o(i.OSInit)
    OSInitHookBegin                          0x08001b39   Thumb Code     8  os_cpu_c.o(i.OSInitHookBegin)
    OSInitHookEnd                            0x08001b45   Thumb Code     2  os_cpu_c.o(i.OSInitHookEnd)
    OSIntEnter                               0x08001b49   Thumb Code    28  os_core.o(i.OSIntEnter)
    OSIntExit                                0x08001b6d   Thumb Code   112  os_core.o(i.OSIntExit)
    OSSchedLock                              0x08001bfd   Thumb Code    50  os_core.o(i.OSSchedLock)
    OSSchedUnlock                            0x08001c3d   Thumb Code    82  os_core.o(i.OSSchedUnlock)
    OSSemCreate                              0x08001c9d   Thumb Code    68  os_sem.o(i.OSSemCreate)
    OSSemPend                                0x08001ce9   Thumb Code   222  os_sem.o(i.OSSemPend)
    OSSemPost                                0x08001dd5   Thumb Code    88  os_sem.o(i.OSSemPost)
    OSStart                                  0x08001e2d   Thumb Code    48  os_core.o(i.OSStart)
    OSStatInit                               0x08001e75   Thumb Code    62  os_core.o(i.OSStatInit)
    OSTCBInitHook                            0x08001ec1   Thumb Code     2  os_cpu_c.o(i.OSTCBInitHook)
    OSTaskCreate                             0x08001ec5   Thumb Code   148  os_task.o(i.OSTaskCreate)
    OSTaskCreateExt                          0x08001f65   Thumb Code   170  os_task.o(i.OSTaskCreateExt)
    OSTaskCreateHook                         0x0800201d   Thumb Code     2  os_cpu_c.o(i.OSTaskCreateHook)
    OSTaskDel                                0x08002021   Thumb Code   294  os_task.o(i.OSTaskDel)
    OSTaskDelHook                            0x08002175   Thumb Code     2  os_cpu_c.o(i.OSTaskDelHook)
    OSTaskIdleHook                           0x08002177   Thumb Code     2  os_cpu_c.o(i.OSTaskIdleHook)
    OSTaskNameSet                            0x08002179   Thumb Code    98  os_task.o(i.OSTaskNameSet)
    OSTaskStatHook                           0x080021e9   Thumb Code     2  os_cpu_c.o(i.OSTaskStatHook)
    OSTaskStkChk                             0x080021ed   Thumb Code   132  os_task.o(i.OSTaskStkChk)
    OSTaskStkInit                            0x08002279   Thumb Code   154  os_cpu_c.o(i.OSTaskStkInit)
    OSTaskSuspend                            0x08002315   Thumb Code   152  os_task.o(i.OSTaskSuspend)
    OSTaskSwHook                             0x080023bd   Thumb Code     2  os_cpu_c.o(i.OSTaskSwHook)
    OSTimeDly                                0x080023c1   Thumb Code   100  os_time.o(i.OSTimeDly)
    OSTimeTick                               0x08002439   Thumb Code   210  os_core.o(i.OSTimeTick)
    OSTimeTickHook                           0x08002525   Thumb Code    30  os_cpu_c.o(i.OSTimeTickHook)
    OSTmrCreate                              0x08002549   Thumb Code    96  os_tmr.o(i.OSTmrCreate)
    OSTmrDel                                 0x080025ad   Thumb Code   124  os_tmr.o(i.OSTmrDel)
    OSTmrSignal                              0x0800262d   Thumb Code    16  os_tmr.o(i.OSTmrSignal)
    OSTmrStart                               0x08002641   Thumb Code   128  os_tmr.o(i.OSTmrStart)
    OSTmr_Init                               0x08002751   Thumb Code   148  os_tmr.o(i.OSTmr_Init)
    OS_Dummy                                 0x08002989   Thumb Code     2  os_core.o(i.OS_Dummy)
    OS_EventTaskRdy                          0x0800298d   Thumb Code   114  os_core.o(i.OS_EventTaskRdy)
    OS_EventTaskRemove                       0x08002a11   Thumb Code    42  os_core.o(i.OS_EventTaskRemove)
    OS_EventTaskWait                         0x08002a3d   Thumb Code   112  os_core.o(i.OS_EventTaskWait)
    OS_EventWaitListInit                     0x08002ab9   Thumb Code    28  os_core.o(i.OS_EventWaitListInit)
    OS_FlagInit                              0x08002ad5   Thumb Code    74  os_flag.o(i.OS_FlagInit)
    OS_FlagUnlink                            0x08002b2d   Thumb Code    36  os_flag.o(i.OS_FlagUnlink)
    OS_MemClr                                0x08002d5d   Thumb Code    18  os_core.o(i.OS_MemClr)
    OS_QInit                                 0x08002d71   Thumb Code    72  os_q.o(i.OS_QInit)
    OS_Sched                                 0x08002dc1   Thumb Code    88  os_core.o(i.OS_Sched)
    OS_TCBInit                               0x08002e61   Thumb Code   278  os_core.o(i.OS_TCBInit)
    OS_TaskIdle                              0x08002f95   Thumb Code    34  os_core.o(i.OS_TaskIdle)
    OS_TaskStat                              0x08002fbd   Thumb Code   116  os_core.o(i.OS_TaskStat)
    OS_TaskStatStkChk                        0x08003045   Thumb Code    54  os_core.o(i.OS_TaskStatStkChk)
    OS_TaskStkClr                            0x08003081   Thumb Code    26  os_task.o(i.OS_TaskStkClr)
    RCC_APB1PeriphClockCmd                   0x0800309d   Thumb Code    26  stm32f10x_rcc.o(i.RCC_APB1PeriphClockCmd)
    RCC_APB1PeriphResetCmd                   0x080030bd   Thumb Code    26  stm32f10x_rcc.o(i.RCC_APB1PeriphResetCmd)
    RCC_APB2PeriphClockCmd                   0x080030dd   Thumb Code    26  stm32f10x_rcc.o(i.RCC_APB2PeriphClockCmd)
    RCC_APB2PeriphResetCmd                   0x080030fd   Thumb Code    26  stm32f10x_rcc.o(i.RCC_APB2PeriphResetCmd)
    RCC_GetClocksFreq                        0x0800311d   Thumb Code   192  stm32f10x_rcc.o(i.RCC_GetClocksFreq)
    RTC_IRQHandler                           0x080031f1   Thumb Code     2  stm32f10x_it.o(i.RTC_IRQHandler)
    Remote_Task                              0x080031f5   Thumb Code    56  remote.o(i.Remote_Task)
    SVC_Handler                              0x08003245   Thumb Code     2  stm32f10x_it.o(i.SVC_Handler)
    SysTick_CLKSourceConfig                  0x08003331   Thumb Code    40  misc.o(i.SysTick_CLKSourceConfig)
    SysTick_Handler                          0x08003359   Thumb Code    24  delay.o(i.SysTick_Handler)
    SystemInit                               0x08003375   Thumb Code    78  system_stm32f10x.o(i.SystemInit)
    TIM2_IRQHandler                          0x080033d5   Thumb Code    56  stm32f10x_it.o(i.TIM2_IRQHandler)
    TIM_ARRPreloadConfig                     0x08003419   Thumb Code    24  stm32f10x_tim.o(i.TIM_ARRPreloadConfig)
    TIM_ClearFlag                            0x08003431   Thumb Code     6  stm32f10x_tim.o(i.TIM_ClearFlag)
    TIM_Cmd                                  0x08003437   Thumb Code    24  stm32f10x_tim.o(i.TIM_Cmd)
    TIM_DeInit                               0x08003451   Thumb Code   424  stm32f10x_tim.o(i.TIM_DeInit)
    TIM_ITConfig                             0x08003639   Thumb Code    18  stm32f10x_tim.o(i.TIM_ITConfig)
    TIM_InternalClockConfig                  0x0800364b   Thumb Code    12  stm32f10x_tim.o(i.TIM_InternalClockConfig)
    TIM_PrescalerConfig                      0x08003657   Thumb Code     6  stm32f10x_tim.o(i.TIM_PrescalerConfig)
    TIM_TimeBaseInit                         0x0800365d   Thumb Code   122  stm32f10x_tim.o(i.TIM_TimeBaseInit)
    USART2_IRQHandler                        0x08003701   Thumb Code   164  stm32f10x_it.o(i.USART2_IRQHandler)
    USART_ClearITPendingBit                  0x080037b5   Thumb Code    30  stm32f10x_usart.o(i.USART_ClearITPendingBit)
    USART_Cmd                                0x080037d3   Thumb Code    24  stm32f10x_usart.o(i.USART_Cmd)
    USART_GetFlagStatus                      0x080037eb   Thumb Code    26  stm32f10x_usart.o(i.USART_GetFlagStatus)
    USART_GetITStatus                        0x08003805   Thumb Code    84  stm32f10x_usart.o(i.USART_GetITStatus)
    USART_ITConfig                           0x08003859   Thumb Code    74  stm32f10x_usart.o(i.USART_ITConfig)
    USART_Init                               0x080038a5   Thumb Code   210  stm32f10x_usart.o(i.USART_Init)
    USART_OUT                                0x0800397d   Thumb Code   262  usart.o(i.USART_OUT)
    USART_ReceiveData                        0x08003a83   Thumb Code    10  stm32f10x_usart.o(i.USART_ReceiveData)
    USART_SendData                           0x08003a8d   Thumb Code     8  stm32f10x_usart.o(i.USART_SendData)
    UsageFault_Handler                       0x08003a95   Thumb Code     4  stm32f10x_it.o(i.UsageFault_Handler)
    WiFi_Task                                0x08003c3d   Thumb Code    98  wifi_function.o(i.WiFi_Task)
    _Onenet_CreateDataPoints                 0x08003cc1   Thumb Code   430  remote.o(i._Onenet_CreateDataPoints)
    _is_digit                                0x08004081   Thumb Code    14  __printf_wp.o(i._is_digit)
    _sys_exit                                0x0800408f   Thumb Code     6  usart.o(i._sys_exit)
    _ttywrch                                 0x08004095   Thumb Code     6  usart.o(i._ttywrch)
    delay_init                               0x0800409d   Thumb Code    76  delay.o(i.delay_init)
    delay_ms                                 0x080040f9   Thumb Code    66  delay.o(i.delay_ms)
    delay_osschedlock                        0x08004149   Thumb Code     8  delay.o(i.delay_osschedlock)
    delay_osschedunlock                      0x08004151   Thumb Code     8  delay.o(i.delay_osschedunlock)
    delay_ostimedly                          0x08004159   Thumb Code    12  delay.o(i.delay_ostimedly)
    delay_us                                 0x08004165   Thumb Code    86  delay.o(i.delay_us)
    device_Init                              0x0800428d   Thumb Code    20  device.o(i.device_Init)
    fputc                                    0x080042a5   Thumb Code    24  usart.o(i.fputc)
    itoa                                     0x080042c1   Thumb Code    98  usart.o(i.itoa)
    main                                     0x08004325   Thumb Code   134  main.o(i.main)
    start_task                               0x08004405   Thumb Code    68  main.o(i.start_task)
    tim2_init                                0x08004461   Thumb Code    96  timer.o(i.tim2_init)
    usart1_init                              0x080044c1   Thumb Code   132  usart.o(i.usart1_init)
    usart2_init                              0x0800454d   Thumb Code   138  usart.o(i.usart2_init)
    _get_lc_ctype                            0x080045e1   Thumb Code    44  lc_ctype_c.o(locale$$code)
    OSUnMapTbl                               0x080046b9   Data         256  os_core.o(.constdata)
    Region$$Table$$Base                      0x080048e4   Number         0  anon$$obj.o(Region$$Table)
    Region$$Table$$Limit                     0x08004904   Number         0  anon$$obj.o(Region$$Table)
    __ctype                                  0x08004911   Data           0  lc_ctype_c.o(locale$$data)
    URL_DevCreate                            0x20000004   Data           4  remote.o(.data)
    HttpHead_Format                          0x20000008   Data           4  remote.o(.data)
    HttpBuf_Format                           0x2000000c   Data           4  remote.o(.data)
    DataPoints_JsonFormat                    0x20000010   Data           4  remote.o(.data)
    send_pkg                                 0x20000014   Data           4  remote.o(.data)
    send_buf                                 0x20000018   Data        1024  remote.o(.data)
    postData_Sem                             0x20000418   Data           4  remote.o(.data)
    sensor_num                               0x2000041c   Data           1  device.o(.data)
    startDAQ                                 0x2000041d   Data           1  device.o(.data)
    user_info                                0x20000420   Data           4  device.o(.data)
    devDAQ_Sem                               0x20000424   Data           4  device.o(.data)
    __stdout                                 0x20000428   Data           4  usart.o(.data)
    isDht11Exist                             0x2000042c   Data           1  dht11.o(.data)
    temperature                              0x2000042d   Data           1  dht11.o(.data)
    humidity                                 0x2000042e   Data           1  dht11.o(.data)
    AccessRouter_Sem                         0x20000438   Data           4  wifi_function.o(.data)
    WiFiStatus_Sem                           0x2000043c   Data           4  wifi_function.o(.data)
    WiFiStatusOK_Sem                         0x20000440   Data           4  wifi_function.o(.data)
    WiFiRecv_Sem                             0x20000444   Data           4  wifi_function.o(.data)
    OSCtxSwCtr                               0x20000450   Data           4  os_core.o(.data)
    OSEventFreeList                          0x20000454   Data           4  os_core.o(.data)
    OSFlagFreeList                           0x20000458   Data           4  os_core.o(.data)
    OSCPUUsage                               0x2000045c   Data           1  os_core.o(.data)
    OSIdleCtrMax                             0x20000460   Data           4  os_core.o(.data)
    OSIdleCtrRun                             0x20000464   Data           4  os_core.o(.data)
    OSStatRdy                                0x20000468   Data           1  os_core.o(.data)
    OSIntNesting                             0x20000469   Data           1  os_core.o(.data)
    OSLockNesting                            0x2000046a   Data           1  os_core.o(.data)
    OSPrioCur                                0x2000046b   Data           1  os_core.o(.data)
    OSPrioHighRdy                            0x2000046c   Data           1  os_core.o(.data)
    OSRdyGrp                                 0x2000046d   Data           1  os_core.o(.data)
    OSRdyTbl                                 0x2000046e   Data           8  os_core.o(.data)
    OSRunning                                0x20000476   Data           1  os_core.o(.data)
    OSTaskCtr                                0x20000477   Data           1  os_core.o(.data)
    OSIdleCtr                                0x20000478   Data           4  os_core.o(.data)
    OSTCBCur                                 0x2000047c   Data           4  os_core.o(.data)
    OSTCBFreeList                            0x20000480   Data           4  os_core.o(.data)
    OSTCBHighRdy                             0x20000484   Data           4  os_core.o(.data)
    OSTCBList                                0x20000488   Data           4  os_core.o(.data)
    OSTickStepState                          0x2000048c   Data           1  os_core.o(.data)
    OSQFreeList                              0x20000490   Data           4  os_core.o(.data)
    OSTime                                   0x20000494   Data           4  os_core.o(.data)
    OSTmrFree                                0x20000498   Data           2  os_core.o(.data)
    OSTmrUsed                                0x2000049a   Data           2  os_core.o(.data)
    OSTmrTime                                0x2000049c   Data           4  os_core.o(.data)
    OSTmrSem                                 0x200004a0   Data           4  os_core.o(.data)
    OSTmrSemSignal                           0x200004a4   Data           4  os_core.o(.data)
    OSTmrFreeList                            0x200004a8   Data           4  os_core.o(.data)
    OSInterrputSum                           0x200004ac   Data           4  os_cpu_c.o(.data)
    SystemCoreClock                          0x200004c8   Data           4  system_stm32f10x.o(.data)
    AHBPrescTable                            0x200004cc   Data          16  system_stm32f10x.o(.data)
    START_TASK_STK                           0x200004dc   Data         256  main.o(.bss)
    strSendCmd                               0x200005dc   Data          30  remote.o(.bss)
    REMOTE_TASK_STK                          0x200005fc   Data        1024  remote.o(.bss)
    DEVICE_TASK_STK                          0x200009fc   Data         512  device.o(.bss)
    Usart1Recv                               0x20000bfc   Data        1028  usart.o(.bss)
    Usart2Recv                               0x20001000   Data        1028  usart.o(.bss)
    Usart3Recv                               0x20001404   Data        1028  usart.o(.bss)
    strEsp8266_Fram_Record                   0x20001808   Data        2050  wifi_config.o(.bss)
    ACCESSROUTER_TASK_STK                    0x2000200c   Data         512  wifi_function.o(.bss)
    WIFISTATUS_TASK_STK                      0x2000220c   Data        1024  wifi_function.o(.bss)
    WIFI_TASK_STK                            0x2000260c   Data         512  wifi_function.o(.bss)
    OSEventTbl                               0x2000280c   Data         200  os_core.o(.bss)
    OSFlagTbl                                0x200028d4   Data          80  os_core.o(.bss)
    OSTaskStatStk                            0x20002924   Data         512  os_core.o(.bss)
    OSTaskIdleStk                            0x20002b24   Data         512  os_core.o(.bss)
    OSTCBPrioTbl                             0x20002d24   Data         256  os_core.o(.bss)
    OSTCBTbl                                 0x20002e24   Data        1008  os_core.o(.bss)
    OSQTbl                                   0x20003214   Data         120  os_core.o(.bss)
    OSTmrTbl                                 0x2000328c   Data         640  os_core.o(.bss)
    OSTmrTaskStk                             0x2000350c   Data         512  os_core.o(.bss)
    OSTmrWheelTbl                            0x2000370c   Data          64  os_core.o(.bss)
    __libspace_start                         0x2000374c   Data          96  libspace.o(.bss)
    __temporary_stack_top$libspace           0x200037ac   Data           0  libspace.o(.bss)



==============================================================================

Memory Map of the image

  Image Entry point : 0x08000131

  Load Region LR_IROM1 (Base: 0x08000000, Size: 0x00004ef0, Max: 0x00080000, ABSOLUTE, COMPRESSED[0x00004a48])

    Execution Region ER_IROM1 (Base: 0x08000000, Size: 0x00004a14, Max: 0x00080000, ABSOLUTE)

    Base Addr    Size         Type   Attr      Idx    E Section Name        Object

    0x08000000   0x00000130   Data   RO         3647    RESET               startup_stm32f10x_hd.o
    0x08000130   0x00000008   Code   RO         3873  * !!!main             c_w.l(__main.o)
    0x08000138   0x00000034   Code   RO         4243    !!!scatter          c_w.l(__scatter.o)
    0x0800016c   0x0000005a   Code   RO         4241    !!dczerorl2         c_w.l(__dczerorl2.o)
    0x080001c6   0x00000002   PAD
    0x080001c8   0x0000001c   Code   RO         4245    !!handler_zi        c_w.l(__scatter_zi.o)
    0x080001e4   0x00000000   Code   RO         3847    .ARM.Collect$$_printf_percent$$00000000  c_w.l(_printf_percent.o)
    0x080001e4   0x00000006   Code   RO         3838    .ARM.Collect$$_printf_percent$$00000001  c_w.l(_printf_n.o)
    0x080001ea   0x00000006   Code   RO         3840    .ARM.Collect$$_printf_percent$$00000002  c_w.l(_printf_p.o)
    0x080001f0   0x00000006   Code   RO         3842    .ARM.Collect$$_printf_percent$$00000008  c_w.l(_printf_i.o)
    0x080001f6   0x00000006   Code   RO         3843    .ARM.Collect$$_printf_percent$$00000009  c_w.l(_printf_d.o)
    0x080001fc   0x00000006   Code   RO         3844    .ARM.Collect$$_printf_percent$$0000000A  c_w.l(_printf_u.o)
    0x08000202   0x00000006   Code   RO         3841    .ARM.Collect$$_printf_percent$$0000000B  c_w.l(_printf_o.o)
    0x08000208   0x00000006   Code   RO         3839    .ARM.Collect$$_printf_percent$$0000000C  c_w.l(_printf_x.o)
    0x0800020e   0x0000000a   Code   RO         3966    .ARM.Collect$$_printf_percent$$00000012  c_w.l(_printf_l.o)
    0x08000218   0x00000006   Code   RO         3836    .ARM.Collect$$_printf_percent$$00000013  c_w.l(_printf_c.o)
    0x0800021e   0x00000006   Code   RO         3837    .ARM.Collect$$_printf_percent$$00000014  c_w.l(_printf_s.o)
    0x08000224   0x00000006   Code   RO         3848    .ARM.Collect$$_printf_percent$$00000015  c_w.l(_printf_lc.o)
    0x0800022a   0x00000004   Code   RO         3965    .ARM.Collect$$_printf_percent$$00000017  c_w.l(_printf_percent_end.o)
    0x0800022e   0x00000002   Code   RO         4180    .ARM.Collect$$libinit$$00000000  c_w.l(libinit.o)
    0x08000230   0x00000000   Code   RO         3974    .ARM.Collect$$libinit$$00000002  c_w.l(libinit2.o)
    0x08000230   0x00000000   Code   RO         3976    .ARM.Collect$$libinit$$00000004  c_w.l(libinit2.o)
    0x08000230   0x00000008   Code   RO         3977    .ARM.Collect$$libinit$$00000005  c_w.l(libinit2.o)
    0x08000238   0x00000000   Code   RO         3979    .ARM.Collect$$libinit$$0000000A  c_w.l(libinit2.o)
    0x08000238   0x00000000   Code   RO         3981    .ARM.Collect$$libinit$$0000000C  c_w.l(libinit2.o)
    0x08000238   0x00000000   Code   RO         3983    .ARM.Collect$$libinit$$0000000E  c_w.l(libinit2.o)
    0x08000238   0x00000006   Code   RO         3984    .ARM.Collect$$libinit$$0000000F  c_w.l(libinit2.o)
    0x0800023e   0x00000000   Code   RO         3986    .ARM.Collect$$libinit$$00000011  c_w.l(libinit2.o)
    0x0800023e   0x0000000c   Code   RO         3987    .ARM.Collect$$libinit$$00000012  c_w.l(libinit2.o)
    0x0800024a   0x00000000   Code   RO         3988    .ARM.Collect$$libinit$$00000013  c_w.l(libinit2.o)
    0x0800024a   0x00000000   Code   RO         3990    .ARM.Collect$$libinit$$00000015  c_w.l(libinit2.o)
    0x0800024a   0x00000000   Code   RO         3992    .ARM.Collect$$libinit$$00000017  c_w.l(libinit2.o)
    0x0800024a   0x00000000   Code   RO         3994    .ARM.Collect$$libinit$$00000019  c_w.l(libinit2.o)
    0x0800024a   0x00000000   Code   RO         3996    .ARM.Collect$$libinit$$0000001B  c_w.l(libinit2.o)
    0x0800024a   0x00000000   Code   RO         3998    .ARM.Collect$$libinit$$0000001D  c_w.l(libinit2.o)
    0x0800024a   0x00000000   Code   RO         4000    .ARM.Collect$$libinit$$0000001F  c_w.l(libinit2.o)
    0x0800024a   0x00000000   Code   RO         4002    .ARM.Collect$$libinit$$00000021  c_w.l(libinit2.o)
    0x0800024a   0x00000000   Code   RO         4004    .ARM.Collect$$libinit$$00000023  c_w.l(libinit2.o)
    0x0800024a   0x00000000   Code   RO         4006    .ARM.Collect$$libinit$$00000025  c_w.l(libinit2.o)
    0x0800024a   0x00000000   Code   RO         4010    .ARM.Collect$$libinit$$0000002C  c_w.l(libinit2.o)
    0x0800024a   0x00000000   Code   RO         4012    .ARM.Collect$$libinit$$0000002E  c_w.l(libinit2.o)
    0x0800024a   0x00000000   Code   RO         4014    .ARM.Collect$$libinit$$00000030  c_w.l(libinit2.o)
    0x0800024a   0x00000000   Code   RO         4016    .ARM.Collect$$libinit$$00000032  c_w.l(libinit2.o)
    0x0800024a   0x00000002   Code   RO         4017    .ARM.Collect$$libinit$$00000033  c_w.l(libinit2.o)
    0x0800024c   0x00000002   Code   RO         4238    .ARM.Collect$$libshutdown$$00000000  c_w.l(libshutdown.o)
    0x0800024e   0x00000000   Code   RO         4194    .ARM.Collect$$libshutdown$$00000002  c_w.l(libshutdown2.o)
    0x0800024e   0x00000000   Code   RO         4196    .ARM.Collect$$libshutdown$$00000004  c_w.l(libshutdown2.o)
    0x0800024e   0x00000000   Code   RO         4199    .ARM.Collect$$libshutdown$$00000007  c_w.l(libshutdown2.o)
    0x0800024e   0x00000000   Code   RO         4202    .ARM.Collect$$libshutdown$$0000000A  c_w.l(libshutdown2.o)
    0x0800024e   0x00000000   Code   RO         4204    .ARM.Collect$$libshutdown$$0000000C  c_w.l(libshutdown2.o)
    0x0800024e   0x00000000   Code   RO         4207    .ARM.Collect$$libshutdown$$0000000F  c_w.l(libshutdown2.o)
    0x0800024e   0x00000002   Code   RO         4208    .ARM.Collect$$libshutdown$$00000010  c_w.l(libshutdown2.o)
    0x08000250   0x00000000   Code   RO         3921    .ARM.Collect$$rtentry$$00000000  c_w.l(__rtentry.o)
    0x08000250   0x00000000   Code   RO         4066    .ARM.Collect$$rtentry$$00000002  c_w.l(__rtentry2.o)
    0x08000250   0x00000006   Code   RO         4078    .ARM.Collect$$rtentry$$00000004  c_w.l(__rtentry4.o)
    0x08000256   0x00000000   Code   RO         4068    .ARM.Collect$$rtentry$$00000009  c_w.l(__rtentry2.o)
    0x08000256   0x00000004   Code   RO         4069    .ARM.Collect$$rtentry$$0000000A  c_w.l(__rtentry2.o)
    0x0800025a   0x00000000   Code   RO         4071    .ARM.Collect$$rtentry$$0000000C  c_w.l(__rtentry2.o)
    0x0800025a   0x00000008   Code   RO         4072    .ARM.Collect$$rtentry$$0000000D  c_w.l(__rtentry2.o)
    0x08000262   0x00000002   Code   RO         4183    .ARM.Collect$$rtexit$$00000000  c_w.l(rtexit.o)
    0x08000264   0x00000000   Code   RO         4212    .ARM.Collect$$rtexit$$00000002  c_w.l(rtexit2.o)
    0x08000264   0x00000004   Code   RO         4213    .ARM.Collect$$rtexit$$00000003  c_w.l(rtexit2.o)
    0x08000268   0x00000006   Code   RO         4214    .ARM.Collect$$rtexit$$00000004  c_w.l(rtexit2.o)
    0x0800026e   0x00000002   PAD
    0x08000270   0x00000000   Code   RO         4092    .emb_text           c_w.l(maybetermalloc1.o)
    0x08000270   0x000000b4   Code   RO         2504    .text               os_cpu_a.o
    0x08000324   0x00000040   Code   RO         3648    .text               startup_stm32f10x_hd.o
    0x08000364   0x00000002   Code   RO         3700    .text               c_w.l(use_no_semi_2.o)
    0x08000366   0x0000005e   Code   RO         3706    .text               c_w.l(h1_alloc.o)
    0x080003c4   0x0000004e   Code   RO         3708    .text               c_w.l(h1_free.o)
    0x08000412   0x00000002   PAD
    0x08000414   0x00000018   Code   RO         3770    .text               c_w.l(noretval__2printf.o)
    0x0800042c   0x00000028   Code   RO         3772    .text               c_w.l(noretval__2sprintf.o)
    0x08000454   0x0000004e   Code   RO         3776    .text               c_w.l(_printf_pad.o)
    0x080004a2   0x00000024   Code   RO         3778    .text               c_w.l(_printf_truncate.o)
    0x080004c6   0x00000052   Code   RO         3780    .text               c_w.l(_printf_str.o)
    0x08000518   0x00000078   Code   RO         3782    .text               c_w.l(_printf_dec.o)
    0x08000590   0x00000028   Code   RO         3784    .text               c_w.l(_printf_charcount.o)
    0x080005b8   0x000000bc   Code   RO         3786    .text               c_w.l(_printf_wctomb.o)
    0x08000674   0x00000054   Code   RO         3791    .text               c_w.l(_printf_oct_int.o)
    0x080006c8   0x0000007c   Code   RO         3807    .text               c_w.l(_printf_hex_int_ptr.o)
    0x08000744   0x00000188   Code   RO         3833    .text               c_w.l(__printf_flags_ss_wp.o)
    0x080008cc   0x00000024   Code   RO         3851    .text               c_w.l(strstr.o)
    0x080008f0   0x0000003e   Code   RO         3855    .text               c_w.l(strlen.o)
    0x0800092e   0x0000004e   Code   RO         3867    .text               c_w.l(rt_memclr_w.o)
    0x0800097c   0x00000006   Code   RO         3871    .text               c_w.l(heapauxi.o)
    0x08000982   0x00000002   Code   RO         3917    .text               c_w.l(use_no_semi.o)
    0x08000984   0x00000010   Code   RO         3922    .text               c_w.l(rt_ctype_table.o)
    0x08000994   0x00000008   Code   RO         3927    .text               c_w.l(rt_heap_descriptor_intlibspace.o)
    0x0800099c   0x00000004   Code   RO         3929    .text               c_w.l(hguard.o)
    0x080009a0   0x0000008a   Code   RO         3931    .text               c_w.l(init_alloc.o)
    0x08000a2a   0x0000000e   Code   RO         3935    .text               c_w.l(h1_init.o)
    0x08000a38   0x000000b2   Code   RO         3951    .text               c_w.l(_printf_intcommon.o)
    0x08000aea   0x00000002   PAD
    0x08000aec   0x00000030   Code   RO         3955    .text               c_w.l(_printf_char_common.o)
    0x08000b1c   0x0000000a   Code   RO         3957    .text               c_w.l(_sputc.o)
    0x08000b26   0x0000002c   Code   RO         3959    .text               c_w.l(_printf_char.o)
    0x08000b52   0x00000002   PAD
    0x08000b54   0x00000024   Code   RO         3961    .text               c_w.l(_printf_char_file.o)
    0x08000b78   0x0000002c   Code   RO         3963    .text               c_w.l(_printf_wchar.o)
    0x08000ba4   0x00000040   Code   RO         3967    .text               c_w.l(_wcrtomb.o)
    0x08000be4   0x00000008   Code   RO         4062    .text               c_w.l(libspace.o)
    0x08000bec   0x00000008   Code   RO         4083    .text               c_w.l(rt_locale_intlibspace.o)
    0x08000bf4   0x00000034   Code   RO         4094    .text               c_w.l(h1_extend.o)
    0x08000c28   0x00000008   Code   RO         4129    .text               c_w.l(ferror.o)
    0x08000c30   0x0000000e   Code   RO         4139    .text               c_w.l(defsig_rtmem_outer.o)
    0x08000c3e   0x0000004a   Code   RO         4157    .text               c_w.l(sys_stackheap_outer.o)
    0x08000c88   0x00000012   Code   RO         4163    .text               c_w.l(exit.o)
    0x08000c9a   0x0000000a   Code   RO         4165    .text               c_w.l(defsig_exit.o)
    0x08000ca4   0x00000050   Code   RO         4167    .text               c_w.l(defsig_rtmem_inner.o)
    0x08000cf4   0x00000080   Code   RO         4169    .text               c_w.l(strcmpv7m.o)
    0x08000d74   0x00000032   Code   RO         4191    .text               c_w.l(defsig_general.o)
    0x08000da6   0x00000002   PAD
    0x08000da8   0x00000294   Code   RO          748    i.AccessRouter_Task  wifi_function.o
    0x0800103c   0x00000004   Code   RO          218    i.BusFault_Handler  stm32f10x_it.o
    0x08001040   0x00000064   Code   RO          571    i.DHT11_Check       dht11.o
    0x080010a4   0x00000040   Code   RO          572    i.DHT11_Init        dht11.o
    0x080010e4   0x0000004c   Code   RO          573    i.DHT11_Read_Bit    dht11.o
    0x08001130   0x0000001e   Code   RO          574    i.DHT11_Read_Byte   dht11.o
    0x0800114e   0x0000005a   Code   RO          575    i.DHT11_Read_Data   dht11.o
    0x080011a8   0x00000044   Code   RO          576    i.DHT11_Rst         dht11.o
    0x080011ec   0x00000002   Code   RO          219    i.DebugMon_Handler  stm32f10x_it.o
    0x080011ee   0x00000002   PAD
    0x080011f0   0x0000009c   Code   RO          363    i.Device_Task       device.o
    0x0800128c   0x00000030   Code   RO          754    i.ESP8266_ClsTCP    wifi_function.o
    0x080012bc   0x00000150   Code   RO          755    i.ESP8266_Cmd       wifi_function.o
    0x0800140c   0x00000040   Code   RO          756    i.ESP8266_Enable_MultipleId  wifi_function.o
    0x0800144c   0x0000002c   Code   RO          757    i.ESP8266_GetIP     wifi_function.o
    0x08001478   0x00000048   Code   RO          758    i.ESP8266_JoinAP    wifi_function.o
    0x080014c0   0x000000d4   Code   RO          759    i.ESP8266_Link_Server  wifi_function.o
    0x08001594   0x0000008c   Code   RO          760    i.ESP8266_Net_Mode_Choose  wifi_function.o
    0x08001620   0x00000110   Code   RO          761    i.ESP8266_Rst       wifi_function.o
    0x08001730   0x00000030   Code   RO          763    i.ESP8266_SetMode   wifi_function.o
    0x08001760   0x00000002   Code   RO          220    i.EXTI0_IRQHandler  stm32f10x_it.o
    0x08001762   0x00000002   PAD
    0x08001764   0x00000150   Code   RO          306    i.Esp8266_Send      remote.o
    0x080018b4   0x00000116   Code   RO         2564    i.GPIO_Init         stm32f10x_gpio.o
    0x080019ca   0x00000004   Code   RO         2572    i.GPIO_SetBits      stm32f10x_gpio.o
    0x080019ce   0x00000004   Code   RO          221    i.HardFault_Handler  stm32f10x_it.o
    0x080019d2   0x00000002   PAD
    0x080019d4   0x00000024   Code   RO          765    i.LedBling_TmrCallBack  wifi_function.o
    0x080019f8   0x00000044   Code   RO          501    i.Led_Init          led.o
    0x08001a3c   0x00000004   Code   RO          222    i.MemManage_Handler  stm32f10x_it.o
    0x08001a40   0x00000002   Code   RO          223    i.NMI_Handler       stm32f10x_it.o
    0x08001a42   0x00000042   Code   RO          528    i.NVIC_Configuration  sys.o
    0x08001a84   0x00000070   Code   RO         2510    i.NVIC_Init         misc.o
    0x08001af4   0x00000014   Code   RO         2511    i.NVIC_PriorityGroupConfig  misc.o
    0x08001b08   0x00000030   Code   RO         1638    i.OSInit            os_core.o
    0x08001b38   0x0000000c   Code   RO         2392    i.OSInitHookBegin   os_cpu_c.o
    0x08001b44   0x00000002   Code   RO         2393    i.OSInitHookEnd     os_cpu_c.o
    0x08001b46   0x00000002   PAD
    0x08001b48   0x00000024   Code   RO         1639    i.OSIntEnter        os_core.o
    0x08001b6c   0x00000090   Code   RO         1640    i.OSIntExit         os_core.o
    0x08001bfc   0x00000040   Code   RO         1641    i.OSSchedLock       os_core.o
    0x08001c3c   0x00000060   Code   RO         1642    i.OSSchedUnlock     os_core.o
    0x08001c9c   0x0000004c   Code   RO         2114    i.OSSemCreate       os_sem.o
    0x08001ce8   0x000000ec   Code   RO         2116    i.OSSemPend         os_sem.o
    0x08001dd4   0x00000058   Code   RO         2118    i.OSSemPost         os_sem.o
    0x08001e2c   0x00000048   Code   RO         1643    i.OSStart           os_core.o
    0x08001e74   0x0000004c   Code   RO         1644    i.OSStatInit        os_core.o
    0x08001ec0   0x00000002   Code   RO         2394    i.OSTCBInitHook     os_cpu_c.o
    0x08001ec2   0x00000002   PAD
    0x08001ec4   0x000000a0   Code   RO         2168    i.OSTaskCreate      os_task.o
    0x08001f64   0x000000b8   Code   RO         2169    i.OSTaskCreateExt   os_task.o
    0x0800201c   0x00000002   Code   RO         2395    i.OSTaskCreateHook  os_cpu_c.o
    0x0800201e   0x00000002   PAD
    0x08002020   0x00000154   Code   RO         2170    i.OSTaskDel         os_task.o
    0x08002174   0x00000002   Code   RO         2396    i.OSTaskDelHook     os_cpu_c.o
    0x08002176   0x00000002   Code   RO         2397    i.OSTaskIdleHook    os_cpu_c.o
    0x08002178   0x00000070   Code   RO         2173    i.OSTaskNameSet     os_task.o
    0x080021e8   0x00000002   Code   RO         2399    i.OSTaskStatHook    os_cpu_c.o
    0x080021ea   0x00000002   PAD
    0x080021ec   0x0000008c   Code   RO         2178    i.OSTaskStkChk      os_task.o
    0x08002278   0x0000009a   Code   RO         2400    i.OSTaskStkInit     os_cpu_c.o
    0x08002312   0x00000002   PAD
    0x08002314   0x000000a8   Code   RO         2179    i.OSTaskSuspend     os_task.o
    0x080023bc   0x00000002   Code   RO         2401    i.OSTaskSwHook      os_cpu_c.o
    0x080023be   0x00000002   PAD
    0x080023c0   0x00000078   Code   RO         2263    i.OSTimeDly         os_time.o
    0x08002438   0x000000ec   Code   RO         1645    i.OSTimeTick        os_core.o
    0x08002524   0x00000024   Code   RO         2402    i.OSTimeTickHook    os_cpu_c.o
    0x08002548   0x00000064   Code   RO         2299    i.OSTmrCreate       os_tmr.o
    0x080025ac   0x00000080   Code   RO         2300    i.OSTmrDel          os_tmr.o
    0x0800262c   0x00000014   Code   RO         2303    i.OSTmrSignal       os_tmr.o
    0x08002640   0x00000084   Code   RO         2304    i.OSTmrStart        os_tmr.o
    0x080026c4   0x00000040   Code   RO         2307    i.OSTmr_Alloc       os_tmr.o
    0x08002704   0x0000004c   Code   RO         2308    i.OSTmr_Free        os_tmr.o
    0x08002750   0x000000b8   Code   RO         2309    i.OSTmr_Init        os_tmr.o
    0x08002808   0x00000050   Code   RO         2310    i.OSTmr_InitTask    os_tmr.o
    0x08002858   0x0000006c   Code   RO         2311    i.OSTmr_Link        os_tmr.o
    0x080028c4   0x00000080   Code   RO         2312    i.OSTmr_Task        os_tmr.o
    0x08002944   0x00000044   Code   RO         2313    i.OSTmr_Unlink      os_tmr.o
    0x08002988   0x00000002   Code   RO         1647    i.OS_Dummy          os_core.o
    0x0800298a   0x00000002   PAD
    0x0800298c   0x00000084   Code   RO         1648    i.OS_EventTaskRdy   os_core.o
    0x08002a10   0x0000002a   Code   RO         1649    i.OS_EventTaskRemove  os_core.o
    0x08002a3a   0x00000002   PAD
    0x08002a3c   0x0000007c   Code   RO         1650    i.OS_EventTaskWait  os_core.o
    0x08002ab8   0x0000001c   Code   RO         1651    i.OS_EventWaitListInit  os_core.o
    0x08002ad4   0x00000058   Code   RO         1850    i.OS_FlagInit       os_flag.o
    0x08002b2c   0x00000024   Code   RO         1852    i.OS_FlagUnlink     os_flag.o
    0x08002b50   0x00000054   Code   RO         1652    i.OS_InitEventList  os_core.o
    0x08002ba4   0x00000054   Code   RO         1653    i.OS_InitMisc       os_core.o
    0x08002bf8   0x00000044   Code   RO         1654    i.OS_InitRdyList    os_core.o
    0x08002c3c   0x00000080   Code   RO         1655    i.OS_InitTCBList    os_core.o
    0x08002cbc   0x00000050   Code   RO         1656    i.OS_InitTaskIdle   os_core.o
    0x08002d0c   0x00000050   Code   RO         1657    i.OS_InitTaskStat   os_core.o
    0x08002d5c   0x00000012   Code   RO         1658    i.OS_MemClr         os_core.o
    0x08002d6e   0x00000002   PAD
    0x08002d70   0x00000050   Code   RO         2051    i.OS_QInit          os_q.o
    0x08002dc0   0x00000074   Code   RO         1660    i.OS_Sched          os_core.o
    0x08002e34   0x0000002c   Code   RO         1661    i.OS_SchedNew       os_core.o
    0x08002e60   0x00000134   Code   RO         1663    i.OS_TCBInit        os_core.o
    0x08002f94   0x00000028   Code   RO         1664    i.OS_TaskIdle       os_core.o
    0x08002fbc   0x00000088   Code   RO         1665    i.OS_TaskStat       os_core.o
    0x08003044   0x0000003c   Code   RO         1666    i.OS_TaskStatStkChk  os_core.o
    0x08003080   0x0000001a   Code   RO         2181    i.OS_TaskStkClr     os_task.o
    0x0800309a   0x00000002   PAD
    0x0800309c   0x00000020   Code   RO         2686    i.RCC_APB1PeriphClockCmd  stm32f10x_rcc.o
    0x080030bc   0x00000020   Code   RO         2687    i.RCC_APB1PeriphResetCmd  stm32f10x_rcc.o
    0x080030dc   0x00000020   Code   RO         2688    i.RCC_APB2PeriphClockCmd  stm32f10x_rcc.o
    0x080030fc   0x00000020   Code   RO         2689    i.RCC_APB2PeriphResetCmd  stm32f10x_rcc.o
    0x0800311c   0x000000d4   Code   RO         2696    i.RCC_GetClocksFreq  stm32f10x_rcc.o
    0x080031f0   0x00000002   Code   RO          224    i.RTC_IRQHandler    stm32f10x_it.o
    0x080031f2   0x00000002   PAD
    0x080031f4   0x00000050   Code   RO          307    i.Remote_Task       remote.o
    0x08003244   0x00000002   Code   RO          225    i.SVC_Handler       stm32f10x_it.o
    0x08003246   0x00000008   Code   RO         3655    i.SetSysClock       system_stm32f10x.o
    0x0800324e   0x00000002   PAD
    0x08003250   0x000000e0   Code   RO         3656    i.SetSysClockTo72   system_stm32f10x.o
    0x08003330   0x00000028   Code   RO         2514    i.SysTick_CLKSourceConfig  misc.o
    0x08003358   0x0000001c   Code   RO          631    i.SysTick_Handler   delay.o
    0x08003374   0x00000060   Code   RO         3658    i.SystemInit        system_stm32f10x.o
    0x080033d4   0x00000044   Code   RO          226    i.TIM2_IRQHandler   stm32f10x_it.o
    0x08003418   0x00000018   Code   RO         2900    i.TIM_ARRPreloadConfig  stm32f10x_tim.o
    0x08003430   0x00000006   Code   RO         2906    i.TIM_ClearFlag     stm32f10x_tim.o
    0x08003436   0x00000018   Code   RO         2912    i.TIM_Cmd           stm32f10x_tim.o
    0x0800344e   0x00000002   PAD
    0x08003450   0x000001e8   Code   RO         2917    i.TIM_DeInit        stm32f10x_tim.o
    0x08003638   0x00000012   Code   RO         2937    i.TIM_ITConfig      stm32f10x_tim.o
    0x0800364a   0x0000000c   Code   RO         2939    i.TIM_InternalClockConfig  stm32f10x_tim.o
    0x08003656   0x00000006   Code   RO         2961    i.TIM_PrescalerConfig  stm32f10x_tim.o
    0x0800365c   0x000000a4   Code   RO         2983    i.TIM_TimeBaseInit  stm32f10x_tim.o
    0x08003700   0x000000b4   Code   RO          227    i.USART2_IRQHandler  stm32f10x_it.o
    0x080037b4   0x0000001e   Code   RO         3457    i.USART_ClearITPendingBit  stm32f10x_usart.o
    0x080037d2   0x00000018   Code   RO         3460    i.USART_Cmd         stm32f10x_usart.o
    0x080037ea   0x0000001a   Code   RO         3463    i.USART_GetFlagStatus  stm32f10x_usart.o
    0x08003804   0x00000054   Code   RO         3464    i.USART_GetITStatus  stm32f10x_usart.o
    0x08003858   0x0000004a   Code   RO         3466    i.USART_ITConfig    stm32f10x_usart.o
    0x080038a2   0x00000002   PAD
    0x080038a4   0x000000d8   Code   RO         3467    i.USART_Init        stm32f10x_usart.o
    0x0800397c   0x00000106   Code   RO          412    i.USART_OUT         usart.o
    0x08003a82   0x0000000a   Code   RO         3474    i.USART_ReceiveData  stm32f10x_usart.o
    0x08003a8c   0x00000008   Code   RO         3477    i.USART_SendData    stm32f10x_usart.o
    0x08003a94   0x00000004   Code   RO          228    i.UsageFault_Handler  stm32f10x_it.o
    0x08003a98   0x000001a4   Code   RO          766    i.WiFiStatus_Task   wifi_function.o
    0x08003c3c   0x00000084   Code   RO          767    i.WiFi_Task         wifi_function.o
    0x08003cc0   0x0000030c   Code   RO          308    i._Onenet_CreateDataPoints  remote.o
    0x08003fcc   0x000000b4   Code   RO          309    i._Onenet_httpSend  remote.o
    0x08004080   0x0000000e   Code   RO         3826    i._is_digit         c_w.l(__printf_wp.o)
    0x0800408e   0x00000006   Code   RO          413    i._sys_exit         usart.o
    0x08004094   0x00000006   Code   RO          414    i._ttywrch          usart.o
    0x0800409a   0x00000002   PAD
    0x0800409c   0x0000005c   Code   RO          632    i.delay_init        delay.o
    0x080040f8   0x00000050   Code   RO          633    i.delay_ms          delay.o
    0x08004148   0x00000008   Code   RO          634    i.delay_osschedlock  delay.o
    0x08004150   0x00000008   Code   RO          635    i.delay_osschedunlock  delay.o
    0x08004158   0x0000000c   Code   RO          636    i.delay_ostimedly   delay.o
    0x08004164   0x0000005c   Code   RO          637    i.delay_us          delay.o
    0x080041c0   0x000000cc   Code   RO          364    i.device_DataAcquisition  device.o
    0x0800428c   0x00000018   Code   RO          365    i.device_Init       device.o
    0x080042a4   0x0000001c   Code   RO          415    i.fputc             usart.o
    0x080042c0   0x00000062   Code   RO          416    i.itoa              usart.o
    0x08004322   0x00000002   PAD
    0x08004324   0x000000e0   Code   RO            4    i.main              main.o
    0x08004404   0x0000005c   Code   RO            5    i.start_task        main.o
    0x08004460   0x00000060   Code   RO          693    i.tim2_init         timer.o
    0x080044c0   0x0000008c   Code   RO          417    i.usart1_init       usart.o
    0x0800454c   0x00000094   Code   RO          418    i.usart2_init       usart.o
    0x080045e0   0x0000002c   Code   RO         4134    locale$$code        c_w.l(lc_ctype_c.o)
    0x0800460c   0x00000005   Data   RO            7    .constdata          main.o
    0x08004611   0x00000037   Data   RO          311    .constdata          remote.o
    0x08004648   0x00000023   Data   RO          368    .constdata          device.o
    0x0800466b   0x0000004e   Data   RO          769    .constdata          wifi_function.o
    0x080046b9   0x00000100   Data   RO         1668    .constdata          os_core.o
    0x080047b9   0x00000003   PAD
    0x080047bc   0x00000008   Data   RO         3787    .constdata          c_w.l(_printf_wctomb.o)
    0x080047c4   0x00000028   Data   RO         3808    .constdata          c_w.l(_printf_hex_int_ptr.o)
    0x080047ec   0x00000011   Data   RO         3834    .constdata          c_w.l(__printf_flags_ss_wp.o)
    0x080047fd   0x00000003   PAD
    0x08004800   0x000000e3   Data   RO          312    .conststring        remote.o
    0x080048e3   0x00000001   PAD
    0x080048e4   0x00000020   Data   RO         4239    Region$$Table       anon$$obj.o
    0x08004904   0x00000110   Data   RO         4133    locale$$data        c_w.l(lc_ctype_c.o)


    Execution Region RW_IRAM1 (Base: 0x20000000, Size: 0x00003db0, Max: 0x00010000, ABSOLUTE, COMPRESSED[0x00000034])

    Base Addr    Size         Type   Attr      Idx    E Section Name        Object

    0x20000000   0x00000004   Data   RW          229    .data               stm32f10x_it.o
    0x20000004   0x00000418   Data   RW          313    .data               remote.o
    0x2000041c   0x0000000c   Data   RW          369    .data               device.o
    0x20000428   0x00000004   Data   RW          422    .data               usart.o
    0x2000042c   0x00000003   Data   RW          577    .data               dht11.o
    0x2000042f   0x00000001   PAD
    0x20000430   0x00000004   Data   RW          638    .data               delay.o
    0x20000434   0x0000001c   Data   RW          770    .data               wifi_function.o
    0x20000450   0x0000005c   Data   RW         1669    .data               os_core.o
    0x200004ac   0x00000006   Data   RW         2403    .data               os_cpu_c.o
    0x200004b2   0x00000014   Data   RW         2716    .data               stm32f10x_rcc.o
    0x200004c6   0x00000002   PAD
    0x200004c8   0x00000014   Data   RW         3659    .data               system_stm32f10x.o
    0x200004dc   0x00000100   Zero   RW            6    .bss                main.o
    0x200005dc   0x00000420   Zero   RW          310    .bss                remote.o
    0x200009fc   0x00000200   Zero   RW          367    .bss                device.o
    0x20000bfc   0x00000c0c   Zero   RW          421    .bss                usart.o
    0x20001808   0x00000802   Zero   RW          718    .bss                wifi_config.o
    0x2000200a   0x00000002   PAD
    0x2000200c   0x00000800   Zero   RW          768    .bss                wifi_function.o
    0x2000280c   0x00000f40   Zero   RW         1667    .bss                os_core.o
    0x2000374c   0x00000060   Zero   RW         4063    .bss                c_w.l(libspace.o)
    0x200037ac   0x00000004   PAD
    0x200037b0   0x00000200   Zero   RW         3646    HEAP                startup_stm32f10x_hd.o
    0x200039b0   0x00000400   Zero   RW         3645    STACK               startup_stm32f10x_hd.o


==============================================================================

Image component sizes


      Code (inc. data)   RO Data    RW Data    ZI Data      Debug   Object Name

       320         40          0          4          0       3833   delay.o
       384        168         35         12        512       3255   device.o
       428         34          0          3          0       4184   dht11.o
        68         10          0          0          0        491   led.o
       316        114          5          0        256     267241   main.o
       172         22          0          0          0       2237   misc.o
      2346        426        256         92       3904      23568   os_core.o
       180         36          0          0          0        332   os_cpu_a.o
       216         10          0          6          0      14352   os_cpu_c.o
       124         14          0          0          0       1214   os_flag.o
        80          8          0          0          0        571   os_q.o
       400         22          0          0          0       2458   os_sem.o
      1130        110          0          0          0       6372   os_task.o
       120         20          0          0          0        636   os_time.o
      1088        142          0          0          0       7229   os_tmr.o
      1376        604        282       1048       1056       4136   remote.o
        64         26        304          0       1536        828   startup_stm32f10x_hd.o
       282          0          0          0          0       2643   stm32f10x_gpio.o
       274         28          0          4          0       4993   stm32f10x_it.o
       340         44          0         20          0       5816   stm32f10x_rcc.o
       742        106          0          0          0       5668   stm32f10x_tim.o
       472          6          0          0          0       7155   stm32f10x_usart.o
        66          0          0          0          0        529   sys.o
       328         28          0         20          0       2393   system_stm32f10x.o
        96          0          0          0          0        624   timer.o
       688         22          0          4       3084       7509   usart.o
         0          0          0          0       2050       1285   wifi_config.o
      2484        996         78         28       2048      11536   wifi_function.o

    ----------------------------------------------------------------------
     14622       3036        996       1244      14448     393088   Object Totals
         0          0         32          0          0          0   (incl. Generated)
        38          0          4          3          2          0   (incl. Padding)

    ----------------------------------------------------------------------

      Code (inc. data)   RO Data    RW Data    ZI Data      Debug   Library Member Name

        90          0          0          0          0          0   __dczerorl2.o
         8          0          0          0          0         68   __main.o
       392          4         17          0          0         92   __printf_flags_ss_wp.o
        14          0          0          0          0         68   __printf_wp.o
         0          0          0          0          0          0   __rtentry.o
        12          0          0          0          0          0   __rtentry2.o
         6          0          0          0          0          0   __rtentry4.o
        52          8          0          0          0          0   __scatter.o
        28          0          0          0          0          0   __scatter_zi.o
         6          0          0          0          0          0   _printf_c.o
        44          0          0          0          0        108   _printf_char.o
        48          6          0          0          0         96   _printf_char_common.o
        36          4          0          0          0         80   _printf_char_file.o
        40          0          0          0          0         68   _printf_charcount.o
         6          0          0          0          0          0   _printf_d.o
       120         16          0          0          0         92   _printf_dec.o
       124          4         40          0          0        144   _printf_hex_int_ptr.o
         6          0          0          0          0          0   _printf_i.o
       178          0          0          0          0         88   _printf_intcommon.o
        10          0          0          0          0          0   _printf_l.o
         6          0          0          0          0          0   _printf_lc.o
         6          0          0          0          0          0   _printf_n.o
         6          0          0          0          0          0   _printf_o.o
        84         10          0          0          0         88   _printf_oct_int.o
         6          0          0          0          0          0   _printf_p.o
        78          0          0          0          0        108   _printf_pad.o
         0          0          0          0          0          0   _printf_percent.o
         4          0          0          0          0          0   _printf_percent_end.o
         6          0          0          0          0          0   _printf_s.o
        82          0          0          0          0         80   _printf_str.o
        36          0          0          0          0         84   _printf_truncate.o
         6          0          0          0          0          0   _printf_u.o
        44          0          0          0          0        108   _printf_wchar.o
       188          6          8          0          0         92   _printf_wctomb.o
         6          0          0          0          0          0   _printf_x.o
        10          0          0          0          0         68   _sputc.o
        64          0          0          0          0         92   _wcrtomb.o
        10          0          0          0          0         68   defsig_exit.o
        50          0          0          0          0         88   defsig_general.o
        80         58          0          0          0         76   defsig_rtmem_inner.o
        14          0          0          0          0         80   defsig_rtmem_outer.o
        18          0          0          0          0         80   exit.o
         8          0          0          0          0         68   ferror.o
        94          0          0          0          0         80   h1_alloc.o
        52          0          0          0          0         68   h1_extend.o
        78          0          0          0          0         80   h1_free.o
        14          0          0          0          0         84   h1_init.o
         6          0          0          0          0        152   heapauxi.o
         4          0          0          0          0        136   hguard.o
       138          0          0          0          0        168   init_alloc.o
        44         10        272          0          0         76   lc_ctype_c.o
         2          0          0          0          0          0   libinit.o
        28          0          0          0          0          0   libinit2.o
         2          0          0          0          0          0   libshutdown.o
         2          0          0          0          0          0   libshutdown2.o
         8          4          0          0         96         68   libspace.o
         0          0          0          0          0          0   maybetermalloc1.o
        24          4          0          0          0         84   noretval__2printf.o
        40          6          0          0          0         84   noretval__2sprintf.o
        16          4          0          0          0         76   rt_ctype_table.o
         8          4          0          0          0         68   rt_heap_descriptor_intlibspace.o
         8          4          0          0          0         68   rt_locale_intlibspace.o
        78          0          0          0          0         80   rt_memclr_w.o
         2          0          0          0          0          0   rtexit.o
        10          0          0          0          0          0   rtexit2.o
       128          0          0          0          0         68   strcmpv7m.o
        62          0          0          0          0         76   strlen.o
        36          0          0          0          0         80   strstr.o
        74          0          0          0          0         80   sys_stackheap_outer.o
         2          0          0          0          0         68   use_no_semi.o
         2          0          0          0          0         68   use_no_semi_2.o

    ----------------------------------------------------------------------
      3006        152        340          0        100       3896   Library Totals
        12          0          3          0          4          0   (incl. Padding)

    ----------------------------------------------------------------------

      Code (inc. data)   RO Data    RW Data    ZI Data      Debug   Library Name

      2994        152        337          0         96       3896   c_w.l

    ----------------------------------------------------------------------
      3006        152        340          0        100       3896   Library Totals

    ----------------------------------------------------------------------

==============================================================================


      Code (inc. data)   RO Data    RW Data    ZI Data      Debug   

     17628       3188       1336       1244      14548     387464   Grand Totals
     17628       3188       1336         52      14548     387464   ELF Image Totals (compressed)
     17628       3188       1336         52          0          0   ROM Totals

==============================================================================

    Total RO  Size (Code + RO Data)                18964 (  18.52kB)
    Total RW  Size (RW Data + ZI Data)             15792 (  15.42kB)
    Total ROM Size (Code + RO Data + RW Data)      19016 (  18.57kB)

==============================================================================

